Component: Arm Compiler for Embedded 6.21 Tool: armlink [5ec1fa00]

==============================================================================

Section Cross References

    startup_stm32f103xe.o(STACK) refers (Special) to heapauxi.o(.text) for __use_two_region_memory
    startup_stm32f103xe.o(HEAP) refers (Special) to heapauxi.o(.text) for __use_two_region_memory
    startup_stm32f103xe.o(RESET) refers (Special) to heapauxi.o(.text) for __use_two_region_memory
    startup_stm32f103xe.o(RESET) refers to startup_stm32f103xe.o(STACK) for __initial_sp
    startup_stm32f103xe.o(RESET) refers to startup_stm32f103xe.o(.text) for Reset_Handler
    startup_stm32f103xe.o(RESET) refers to stm32f1xx_it.o(.text.NMI_Handler) for NMI_Handler
    startup_stm32f103xe.o(RESET) refers to stm32f1xx_it.o(.text.HardFault_Handler) for HardFault_Handler
    startup_stm32f103xe.o(RESET) refers to stm32f1xx_it.o(.text.MemManage_Handler) for MemManage_Handler
    startup_stm32f103xe.o(RESET) refers to stm32f1xx_it.o(.text.BusFault_Handler) for BusFault_Handler
    startup_stm32f103xe.o(RESET) refers to stm32f1xx_it.o(.text.UsageFault_Handler) for UsageFault_Handler
    startup_stm32f103xe.o(RESET) refers to stm32f1xx_it.o(.text.SVC_Handler) for SVC_Handler
    startup_stm32f103xe.o(RESET) refers to stm32f1xx_it.o(.text.DebugMon_Handler) for DebugMon_Handler
    startup_stm32f103xe.o(RESET) refers to stm32f1xx_it.o(.text.PendSV_Handler) for PendSV_Handler
    startup_stm32f103xe.o(RESET) refers to stm32f1xx_it.o(.text.SysTick_Handler) for SysTick_Handler
    startup_stm32f103xe.o(RESET) refers to stm32f1xx_it.o(.text.DMA1_Channel2_IRQHandler) for DMA1_Channel2_IRQHandler
    startup_stm32f103xe.o(RESET) refers to stm32f1xx_it.o(.text.DMA1_Channel3_IRQHandler) for DMA1_Channel3_IRQHandler
    startup_stm32f103xe.o(RESET) refers to stm32f1xx_it.o(.text.TIM1_UP_IRQHandler) for TIM1_UP_IRQHandler
    startup_stm32f103xe.o(RESET) refers to stm32f1xx_it.o(.text.USART1_IRQHandler) for USART1_IRQHandler
    startup_stm32f103xe.o(RESET) refers to stm32f1xx_it.o(.text.USART3_IRQHandler) for USART3_IRQHandler
    startup_stm32f103xe.o(.text) refers (Special) to heapauxi.o(.text) for __use_two_region_memory
    startup_stm32f103xe.o(.text) refers to system_stm32f1xx.o(.text.SystemInit) for SystemInit
    startup_stm32f103xe.o(.text) refers to __main.o(!!!main) for __main
    startup_stm32f103xe.o(.text) refers to startup_stm32f103xe.o(HEAP) for Heap_Mem
    startup_stm32f103xe.o(.text) refers to startup_stm32f103xe.o(STACK) for Stack_Mem
    main.o(.text.main) refers to stm32f1xx_hal.o(.text.HAL_Init) for HAL_Init
    main.o(.text.main) refers to main.o(.text.SystemClock_Config) for SystemClock_Config
    main.o(.text.main) refers to gpio.o(.text.MX_GPIO_Init) for MX_GPIO_Init
    main.o(.text.main) refers to dma.o(.text.MX_DMA_Init) for MX_DMA_Init
    main.o(.text.main) refers to tim.o(.text.MX_TIM1_Init) for MX_TIM1_Init
    main.o(.text.main) refers to usart.o(.text.MX_USART1_UART_Init) for MX_USART1_UART_Init
    main.o(.text.main) refers to usart.o(.text.MX_USART3_UART_Init) for MX_USART3_UART_Init
    main.o(.text.main) refers to main.o(.data.sys) for sys
    main.o(.text.main) refers to systemfuction.o(.text.System_Init) for System_Init
    main.o(.text.main) refers to main.o(.data.esp_1) for esp_1
    main.o(.text.main) refers to main.o(.data.onenet_1) for onenet_1
    main.o(.text.main) refers to systemfuction.o(.text.System_ShowRestErrorMillis) for System_ShowRestErrorMillis
    main.o(.text.main) refers to systemfuction.o(.text.System_UpdateLockStatus) for System_UpdateLockStatus
    main.o(.text.main) refers to systemfuction.o(.text.System_UpdataMotor) for System_UpdataMotor
    main.o(.text.main) refers to esp01.o(.text.ESP_Run) for ESP_Run
    main.o(.text.main) refers to onenet.o(.text.OneNet_Run) for OneNet_Run
    main.o(.text.main) refers to key.o(.text.Key_GetNum) for Key_GetNum
    main.o(.text.main) refers to as608.o(.text.AS608_GetWAK) for AS608_GetWAK
    main.o(.text.main) refers to systemfuction.o(.text.System_UnlockByPassword) for System_UnlockByPassword
    main.o(.text.main) refers to systemfuction.o(.text.System_DoFunction) for System_DoFunction
    main.o(.text.main) refers to systemfuction.o(.text.System_UnlockByFingerprint) for System_UnlockByFingerprint
    main.o(.text.main) refers to rc522.o(.text.RC522_PcdRequest) for RC522_PcdRequest
    main.o(.text.main) refers to systemfuction.o(.text.System_UnlockByIDCard) for System_UnlockByIDCard
    main.o(.text.main) refers to systemfuction.o(.text.System_ShowFunction) for System_ShowFunction
    main.o(.ARM.exidx.text.main) refers to main.o(.text.main) for [Anonymous Symbol]
    main.o(.text.SystemClock_Config) refers to stm32f1xx_hal_rcc.o(.text.HAL_RCC_OscConfig) for HAL_RCC_OscConfig
    main.o(.text.SystemClock_Config) refers to usart.o(.bss.huart1) for huart1
    main.o(.text.SystemClock_Config) refers to main.o(.rodata.str1.1) for .L.str
[...]
    __rt_lib_shutdown_stdio_1                0x080002c3   Thumb Code     0  libshutdown2.o(.ARM.Collect$$libshutdown$$00000004)
    __rt_lib_shutdown_user_alloc_1           0x080002c3   Thumb Code     0  libshutdown2.o(.ARM.Collect$$libshutdown$$0000000C)
    __rt_entry                               0x080002c5   Thumb Code     0  __rtentry.o(.ARM.Collect$$rtentry$$00000000)
    __rt_entry_presh_1                       0x080002c5   Thumb Code     0  __rtentry2.o(.ARM.Collect$$rtentry$$00000002)
    __rt_entry_sh                            0x080002c5   Thumb Code     0  __rtentry4.o(.ARM.Collect$$rtentry$$00000004)
    __rt_entry_li                            0x080002cb   Thumb Code     0  __rtentry2.o(.ARM.Collect$$rtentry$$0000000A)
    __rt_entry_postsh_1                      0x080002cb   Thumb Code     0  __rtentry2.o(.ARM.Collect$$rtentry$$00000009)
    __rt_entry_main                          0x080002cf   Thumb Code     0  __rtentry2.o(.ARM.Collect$$rtentry$$0000000D)
    __rt_entry_postli_1                      0x080002cf   Thumb Code     0  __rtentry2.o(.ARM.Collect$$rtentry$$0000000C)
    __rt_exit                                0x080002d7   Thumb Code     0  rtexit.o(.ARM.Collect$$rtexit$$00000000)
    __rt_exit_ls                             0x080002d9   Thumb Code     0  rtexit2.o(.ARM.Collect$$rtexit$$00000003)
    __rt_exit_prels_1                        0x080002d9   Thumb Code     0  rtexit2.o(.ARM.Collect$$rtexit$$00000002)
    __rt_exit_exit                           0x080002dd   Thumb Code     0  rtexit2.o(.ARM.Collect$$rtexit$$00000004)
    Reset_Handler                            0x080002e5   Thumb Code     8  startup_stm32f103xe.o(.text)
    ADC1_2_IRQHandler                        0x080002ff   Thumb Code     0  startup_stm32f103xe.o(.text)
    ADC3_IRQHandler                          0x080002ff   Thumb Code     0  startup_stm32f103xe.o(.text)
    CAN1_RX1_IRQHandler                      0x080002ff   Thumb Code     0  startup_stm32f103xe.o(.text)
    CAN1_SCE_IRQHandler                      0x080002ff   Thumb Code     0  startup_stm32f103xe.o(.text)
    DMA1_Channel1_IRQHandler                 0x080002ff   Thumb Code     0  startup_stm32f103xe.o(.text)
    DMA1_Channel4_IRQHandler                 0x080002ff   Thumb Code     0  startup_stm32f103xe.o(.text)
    DMA1_Channel5_IRQHandler                 0x080002ff   Thumb Code     0  startup_stm32f103xe.o(.text)
    DMA1_Channel6_IRQHandler                 0x080002ff   Thumb Code     0  startup_stm32f103xe.o(.text)
    DMA1_Channel7_IRQHandler                 0x080002ff   Thumb Code     0  startup_stm32f103xe.o(.text)
    DMA2_Channel1_IRQHandler                 0x080002ff   Thumb Code     0  startup_stm32f103xe.o(.text)
    DMA2_Channel2_IRQHandler                 0x080002ff   Thumb Code     0  startup_stm32f103xe.o(.text)
    DMA2_Channel3_IRQHandler                 0x080002ff   Thumb Code     0  startup_stm32f103xe.o(.text)
    DMA2_Channel4_5_IRQHandler               0x080002ff   Thumb Code     0  startup_stm32f103xe.o(.text)
    EXTI0_IRQHandler                         0x080002ff   Thumb Code     0  startup_stm32f103xe.o(.text)
    EXTI15_10_IRQHandler                     0x080002ff   Thumb Code     0  startup_stm32f103xe.o(.text)
    EXTI1_IRQHandler                         0x080002ff   Thumb Code     0  startup_stm32f103xe.o(.text)
    EXTI2_IRQHandler                         0x080002ff   Thumb Code     0  startup_stm32f103xe.o(.text)
    EXTI3_IRQHandler                         0x080002ff   Thumb Code     0  startup_stm32f103xe.o(.text)
    EXTI4_IRQHandler                         0x080002ff   Thumb Code     0  startup_stm32f103xe.o(.text)
    EXTI9_5_IRQHandler                       0x080002ff   Thumb Code     0  startup_stm32f103xe.o(.text)
    FLASH_IRQHandler                         0x080002ff   Thumb Code     0  startup_stm32f103xe.o(.text)
    FSMC_IRQHandler                          0x080002ff   Thumb Code     0  startup_stm32f103xe.o(.text)
    I2C1_ER_IRQHandler                       0x080002ff   Thumb Code     0  startup_stm32f103xe.o(.text)
    I2C1_EV_IRQHandler                       0x080002ff   Thumb Code     0  startup_stm32f103xe.o(.text)
    I2C2_ER_IRQHandler                       0x080002ff   Thumb Code     0  startup_stm32f103xe.o(.text)
    I2C2_EV_IRQHandler                       0x080002ff   Thumb Code     0  startup_stm32f103xe.o(.text)
    PVD_IRQHandler                           0x080002ff   Thumb Code     0  startup_stm32f103xe.o(.text)
    RCC_IRQHandler                           0x080002ff   Thumb Code     0  startup_stm32f103xe.o(.text)
    RTC_Alarm_IRQHandler                     0x080002ff   Thumb Code     0  startup_stm32f103xe.o(.text)
    RTC_IRQHandler                           0x080002ff   Thumb Code     0  startup_stm32f103xe.o(.text)
    SDIO_IRQHandler                          0x080002ff   Thumb Code     0  startup_stm32f103xe.o(.text)
    SPI1_IRQHandler                          0x080002ff   Thumb Code     0  startup_stm32f103xe.o(.text)
    SPI2_IRQHandler                          0x080002ff   Thumb Code     0  startup_stm32f103xe.o(.text)
    SPI3_IRQHandler                          0x080002ff   Thumb Code     0  startup_stm32f103xe.o(.text)
    TAMPER_IRQHandler                        0x080002ff   Thumb Code     0  startup_stm32f103xe.o(.text)
    TIM1_BRK_IRQHandler                      0x080002ff   Thumb Code     0  startup_stm32f103xe.o(.text)
    TIM1_CC_IRQHandler                       0x080002ff   Thumb Code     0  startup_stm32f103xe.o(.text)
    TIM1_TRG_COM_IRQHandler                  0x080002ff   Thumb Code     0  startup_stm32f103xe.o(.text)
    TIM2_IRQHandler                          0x080002ff   Thumb Code     0  startup_stm32f103xe.o(.text)
    TIM3_IRQHandler                          0x080002ff   Thumb Code     0  startup_stm32f103xe.o(.text)
    TIM4_IRQHandler                          0x080002ff   Thumb Code     0  startup_stm32f103xe.o(.text)
    TIM5_IRQHandler                          0x080002ff   Thumb Code     0  startup_stm32f103xe.o(.text)
    TIM6_IRQHandler                          0x080002ff   Thumb Code     0  startup_stm32f103xe.o(.text)
    TIM7_IRQHandler                          0x080002ff   Thumb Code     0  startup_stm32f103xe.o(.text)
    TIM8_BRK_IRQHandler                      0x080002ff   Thumb Code     0  startup_stm32f103xe.o(.text)
    TIM8_CC_IRQHandler                       0x080002ff   Thumb Code     0  startup_stm32f103xe.o(.text)
    TIM8_TRG_COM_IRQHandler                  0x080002ff   Thumb Code     0  startup_stm32f103xe.o(.text)
    TIM8_UP_IRQHandler                       0x080002ff   Thumb Code     0  startup_stm32f103xe.o(.text)
    UART4_IRQHandler                         0x080002ff   Thumb Code     0  startup_stm32f103xe.o(.text)
    UART5_IRQHandler                         0x080002ff   Thumb Code     0  startup_stm32f103xe.o(.text)
    USART2_IRQHandler                        0x080002ff   Thumb Code     0  startup_stm32f103xe.o(.text)
    USBWakeUp_IRQHandler                     0x080002ff   Thumb Code     0  startup_stm32f103xe.o(.text)
    USB_HP_CAN1_TX_IRQHandler                0x080002ff   Thumb Code     0  startup_stm32f103xe.o(.text)
    USB_LP_CAN1_RX0_IRQHandler               0x080002ff   Thumb Code     0  startup_stm32f103xe.o(.text)
    WWDG_IRQHandler                          0x080002ff   Thumb Code     0  startup_stm32f103xe.o(.text)
    __user_initial_stackheap                 0x08000301   Thumb Code     0  startup_stm32f103xe.o(.text)
    vsprintf                                 0x08000325   Thumb Code    32  vsprintf.o(.text)
    __2sprintf                               0x08000349   Thumb Code    38  __2sprintf.o(.text)
    _printf_str                              0x08000375   Thumb Code    82  _printf_str.o(.text)
    _printf_int_dec                          0x080003c9   Thumb Code   104  _printf_dec.o(.text)
    __printf                                 0x08000441   Thumb Code   388  __printf_flags_ss_wp.o(.text)
    strchr                                   0x080005c9   Thumb Code    20  strchr.o(.text)
    strstr                                   0x080005dd   Thumb Code    36  strstr.o(.text)
    memcmp                                   0x08000601   Thumb Code    88  memcmp.o(.text)
    strcpy                                   0x08000659   Thumb Code    72  strcpy.o(.text)
    strlen                                   0x080006a1   Thumb Code    62  strlen.o(.text)
    strncmp                                  0x080006df   Thumb Code   150  strncmp.o(.text)
    strcat                                   0x08000775   Thumb Code    24  strcat.o(.text)
    __aeabi_memcpy                           0x0800078d   Thumb Code     0  rt_memcpy_v6.o(.text)
    __rt_memcpy                              0x0800078d   Thumb Code   138  rt_memcpy_v6.o(.text)
    _memcpy_lastbytes                        0x080007f3   Thumb Code     0  rt_memcpy_v6.o(.text)
    __aeabi_memcpy4                          0x08000817   Thumb Code     0  rt_memcpy_w.o(.text)
    __aeabi_memcpy8                          0x08000817   Thumb Code     0  rt_memcpy_w.o(.text)
    __rt_memcpy_w                            0x08000817   Thumb Code   100  rt_memcpy_w.o(.text)
    _memcpy_lastbytes_aligned                0x0800085f   Thumb Code     0  rt_memcpy_w.o(.text)
    __aeabi_memclr                           0x0800087b   Thumb Code     0  rt_memclr.o(.text)
    __rt_memclr                              0x0800087b   Thumb Code     0  rt_memclr.o(.text)
    _memset                                  0x0800087f   Thumb Code    64  rt_memclr.o(.text)
    __aeabi_memclr4                          0x080008bf   Thumb Code     0  rt_memclr_w.o(.text)
    __aeabi_memclr8                          0x080008bf   Thumb Code     0  rt_memclr_w.o(.text)
    __rt_memclr_w                            0x080008bf   Thumb Code     0  rt_memclr_w.o(.text)
    _memset_w                                0x080008c3   Thumb Code    74  rt_memclr_w.o(.text)
    __use_two_region_memory                  0x0800090d   Thumb Code     2  heapauxi.o(.text)
    __rt_heap_escrow$2region                 0x0800090f   Thumb Code     2  heapauxi.o(.text)
    __rt_heap_expand$2region                 0x08000911   Thumb Code     2  heapauxi.o(.text)
    _printf_pre_padding                      0x08000913   Thumb Code    44  _printf_pad.o(.text)
    _printf_post_padding                     0x0800093f   Thumb Code    34  _printf_pad.o(.text)
    _printf_truncate_signed                  0x08000961   Thumb Code    18  _printf_truncate.o(.text)
    _printf_truncate_unsigned                0x08000973   Thumb Code    18  _printf_truncate.o(.text)
    _printf_int_common                       0x08000985   Thumb Code   178  _printf_intcommon.o(.text)
    _printf_charcount                        0x08000a37   Thumb Code    40  _printf_charcount.o(.text)
    _printf_fp_dec_real                      0x08000c0f   Thumb Code   620  _printf_fp_dec.o(.text)
    _printf_char_common                      0x08000e87   Thumb Code    32  _printf_char_common.o(.text)
    _sputc                                   0x08000ead   Thumb Code    10  _sputc.o(.text)
    _printf_cs_common                        0x08000eb7   Thumb Code    20  _printf_char.o(.text)
    _printf_char                             0x08000ecb   Thumb Code    16  _printf_char.o(.text)
    _printf_string                           0x08000edb   Thumb Code     8  _printf_char.o(.text)
    _printf_wctomb                           0x08000ee5   Thumb Code   182  _printf_wctomb.o(.text)
    _printf_longlong_dec                     0x08000fa1   Thumb Code   108  _printf_longlong_dec.o(.text)
    _printf_longlong_oct                     0x0800101d   Thumb Code    68  _printf_oct_int_ll.o(.text)
    _printf_int_oct                          0x08001061   Thumb Code    24  _printf_oct_int_ll.o(.text)
    _printf_ll_oct                           0x08001079   Thumb Code    12  _printf_oct_int_ll.o(.text)
    _printf_longlong_hex                     0x0800108d   Thumb Code    86  _printf_hex_int_ll_ptr.o(.text)
    _printf_int_hex                          0x080010e3   Thumb Code    28  _printf_hex_int_ll_ptr.o(.text)
    _printf_ll_hex                           0x080010ff   Thumb Code    12  _printf_hex_int_ll_ptr.o(.text)
    _printf_hex_ptr                          0x0800110b   Thumb Code    18  _printf_hex_int_ll_ptr.o(.text)
    __rt_locale                              0x08001121   Thumb Code     8  rt_locale_intlibspace.o(.text)
    _ll_udiv10                               0x08001129   Thumb Code   138  lludiv10.o(.text)
    _printf_fp_hex_real                      0x080011b5   Thumb Code   756  _printf_fp_hex.o(.text)
    _printf_fp_infnan                        0x080014b1   Thumb Code   112  _printf_fp_infnan.o(.text)
    _printf_lcs_common                       0x08001531   Thumb Code    20  _printf_wchar.o(.text)
    _printf_wchar                            0x08001545   Thumb Code    16  _printf_wchar.o(.text)
    _printf_wstring                          0x08001555   Thumb Code     8  _printf_wchar.o(.text)
    _btod_etento                             0x0800155d   Thumb Code   224  bigflt0.o(.text)
    _c16rtomb                                0x08001641   Thumb Code    72  _c16rtomb.o(.text)
    _wcrtomb                                 0x08001641   Thumb Code     0  _c16rtomb.o(.text)
    __user_libspace                          0x08001689   Thumb Code     8  libspace.o(.text)
    __user_perproc_libspace                  0x08001689   Thumb Code     0  libspace.o(.text)
    __user_perthread_libspace                0x08001689   Thumb Code     0  libspace.o(.text)
    __user_setup_stackheap                   0x08001691   Thumb Code    74  sys_stackheap_outer.o(.text)
    __rt_ctype_table                         0x080016dd   Thumb Code    16  rt_ctype_table.o(.text)
    exit                                     0x080016ed   Thumb Code    18  exit.o(.text)
    strcmp                                   0x08001701   Thumb Code   128  strcmpv7m.o(.text)
    _sys_exit                                0x08001781   Thumb Code     8  sys_exit.o(.text)
    __I$use$semihosting                      0x0800178d   Thumb Code     0  use_no_semi.o(.text)
    __use_no_semihosting_swi                 0x0800178d   Thumb Code     2  use_no_semi.o(.text)
    __semihosting_library_function           0x0800178f   Thumb Code     0  indicate_semi.o(.text)
    AS608_BrushFingerprint                   0x08001791   Thumb Code    76  as608.o(.text.AS608_BrushFingerprint)
    AS608_DeleteChar                         0x080017dd   Thumb Code   410  as608.o(.text.AS608_DeleteChar)
    AS608_GenChar                            0x08001979   Thumb Code   394  as608.o(.text.AS608_GenChar)
    AS608_GetImage                           0x08001b05   Thumb Code   378  as608.o(.text.AS608_GetImage)
    AS608_GetWAK                             0x08001c81   Thumb Code    18  as608.o(.text.AS608_GetWAK)
    AS608_Init                               0x08001c95   Thumb Code    86  as608.o(.text.AS608_Init)
    AS608_InputFingerprint                   0x08001ced   Thumb Code   172  as608.o(.text.AS608_InputFingerprint)
    AS608_ReadNotepad                        0x08001d99   Thumb Code   558  as608.o(.text.AS608_ReadNotepad)
    AS608_RegModel                           0x08001fc9   Thumb Code   382  as608.o(.text.AS608_RegModel)
    AS608_Search                             0x08002149   Thumb Code   418  as608.o(.text.AS608_Search)
    AS608_StoreChar                          0x080022ed   Thumb Code   406  as608.o(.text.AS608_StoreChar)
    AS608_ValidTempleteNum                   0x08002485   Thumb Code   400  as608.o(.text.AS608_ValidTempleteNum)
    AS608_WriteNotepad                       0x08002615   Thumb Code   630  as608.o(.text.AS608_WriteNotepad)
    BusFault_Handler                         0x0800288d   Thumb Code     2  stm32f1xx_it.o(.text.BusFault_Handler)
    DMA1_Channel2_IRQHandler                 0x08002891   Thumb Code    12  stm32f1xx_it.o(.text.DMA1_Channel2_IRQHandler)
    DMA1_Channel3_IRQHandler                 0x0800289d   Thumb Code    12  stm32f1xx_it.o(.text.DMA1_Channel3_IRQHandler)
    DebugMon_Handler                         0x080028a9   Thumb Code     2  stm32f1xx_it.o(.text.DebugMon_Handler)
    Delay_us                                 0x080028ad   Thumb Code   106  delay.o(.text.Delay_us)
    Display_Clear                            0x08002919   Thumb Code     4  display.o(.text.Display_Clear)
    Display_DrawRectangle                    0x0800291d   Thumb Code    22  display.o(.text.Display_DrawRectangle)
    Display_Fill                             0x08002935   Thumb Code    20  display.o(.text.Display_Fill)
    Display_Print                            0x08002949   Thumb Code    54  display.o(.text.Display_Print)
    Display_Show                             0x08002981   Thumb Code    54  display.o(.text.Display_Show)
    Display_ShowChar                         0x080029b9   Thumb Code     6  display.o(.text.Display_ShowChar)
    ESP_Init                                 0x080029c1   Thumb Code    26  esp01.o(.text.ESP_Init)
    ESP_Run                                  0x080029dd   Thumb Code   280  esp01.o(.text.ESP_Run)
    ESP_TransmitCommand                      0x08002b35   Thumb Code    90  esp01.o(.text.ESP_TransmitCommand)
    Error_Handler                            0x08002b91   Thumb Code    48  main.o(.text.Error_Handler)
    HAL_DMA_Abort                            0x08002bc1   Thumb Code    70  stm32f1xx_hal_dma.o(.text.HAL_DMA_Abort)
    HAL_DMA_Abort_IT                         0x08002c09   Thumb Code   304  stm32f1xx_hal_dma.o(.text.HAL_DMA_Abort_IT)
    HAL_DMA_IRQHandler                       0x08002d39   Thumb Code   654  stm32f1xx_hal_dma.o(.text.HAL_DMA_IRQHandler)
    HAL_DMA_Init                             0x08002fc9   Thumb Code   158  stm32f1xx_hal_dma.o(.text.HAL_DMA_Init)
    HAL_DMA_Start_IT                         0x08003069   Thumb Code   160  stm32f1xx_hal_dma.o(.text.HAL_DMA_Start_IT)
    HAL_Delay                                0x08003109   Thumb Code    40  stm32f1xx_hal.o(.text.HAL_Delay)
    HAL_GPIO_Init                            0x08003131   Thumb Code   498  stm32f1xx_hal_gpio.o(.text.HAL_GPIO_Init)
    HAL_GPIO_WritePin                        0x08003325   Thumb Code    10  stm32f1xx_hal_gpio.o(.text.HAL_GPIO_WritePin)
    HAL_GetTick                              0x08003331   Thumb Code    12  stm32f1xx_hal.o(.text.HAL_GetTick)
    HAL_IncTick                              0x0800333d   Thumb Code    26  stm32f1xx_hal.o(.text.HAL_IncTick)
    HAL_Init                                 0x08003359   Thumb Code    38  stm32f1xx_hal.o(.text.HAL_Init)
    HAL_InitTick                             0x08003381   Thumb Code    72  stm32f1xx_hal.o(.text.HAL_InitTick)
    HAL_MspInit                              0x080033c9   Thumb Code    66  stm32f1xx_hal_msp.o(.text.HAL_MspInit)
    HAL_NVIC_EnableIRQ                       0x0800340d   Thumb Code    34  stm32f1xx_hal_cortex.o(.text.HAL_NVIC_EnableIRQ)
    HAL_NVIC_SetPriority                     0x08003431   Thumb Code    86  stm32f1xx_hal_cortex.o(.text.HAL_NVIC_SetPriority)
    HAL_NVIC_SetPriorityGrouping             0x08003489   Thumb Code    32  stm32f1xx_hal_cortex.o(.text.HAL_NVIC_SetPriorityGrouping)
    HAL_RCC_ClockConfig                      0x080034a9   Thumb Code   450  stm32f1xx_hal_rcc.o(.text.HAL_RCC_ClockConfig)
    HAL_RCC_GetPCLK1Freq                     0x0800366d   Thumb Code    38  stm32f1xx_hal_rcc.o(.text.HAL_RCC_GetPCLK1Freq)
    HAL_RCC_GetPCLK2Freq                     0x08003695   Thumb Code    38  stm32f1xx_hal_rcc.o(.text.HAL_RCC_GetPCLK2Freq)
    HAL_RCC_OscConfig                        0x080036bd   Thumb Code  1024  stm32f1xx_hal_rcc.o(.text.HAL_RCC_OscConfig)
    HAL_SYSTICK_Config                       0x08003abd   Thumb Code    44  stm32f1xx_hal_cortex.o(.text.HAL_SYSTICK_Config)
    HAL_TIMEx_BreakCallback                  0x08003ae9   Thumb Code     2  stm32f1xx_hal_tim_ex.o(.text.HAL_TIMEx_BreakCallback)
    HAL_TIMEx_CommutCallback                 0x08003aed   Thumb Code     2  stm32f1xx_hal_tim_ex.o(.text.HAL_TIMEx_CommutCallback)
    HAL_TIMEx_MasterConfigSynchronization    0x08003af1   Thumb Code   150  stm32f1xx_hal_tim_ex.o(.text.HAL_TIMEx_MasterConfigSynchronization)
    HAL_TIM_Base_Init                        0x08003b89   Thumb Code    90  stm32f1xx_hal_tim.o(.text.HAL_TIM_Base_Init)
    HAL_TIM_Base_MspInit                     0x08003be5   Thumb Code    68  tim.o(.text.HAL_TIM_Base_MspInit)
    HAL_TIM_ConfigClockSource                0x08003c29   Thumb Code   416  stm32f1xx_hal_tim.o(.text.HAL_TIM_ConfigClockSource)
    HAL_TIM_IC_CaptureCallback               0x08003dc9   Thumb Code     2  stm32f1xx_hal_tim.o(.text.HAL_TIM_IC_CaptureCallback)
    HAL_TIM_IRQHandler                       0x08003dcd   Thumb Code   334  stm32f1xx_hal_tim.o(.text.HAL_TIM_IRQHandler)
    HAL_TIM_OC_DelayElapsedCallback          0x08003f1d   Thumb Code     2  stm32f1xx_hal_tim.o(.text.HAL_TIM_OC_DelayElapsedCallback)
    HAL_TIM_PWM_PulseFinishedCallback        0x08003f21   Thumb Code     2  stm32f1xx_hal_tim.o(.text.HAL_TIM_PWM_PulseFinishedCallback)
    HAL_TIM_PeriodElapsedCallback            0x08003f25   Thumb Code     2  stm32f1xx_hal_tim.o(.text.HAL_TIM_PeriodElapsedCallback)
    HAL_TIM_TriggerCallback                  0x08003f29   Thumb Code     2  stm32f1xx_hal_tim.o(.text.HAL_TIM_TriggerCallback)
    HAL_UARTEx_ReceiveToIdle_DMA             0x08003f2d   Thumb Code   458  stm32f1xx_hal_uart.o(.text.HAL_UARTEx_ReceiveToIdle_DMA)
    HAL_UARTEx_ReceiveToIdle_IT              0x080040f9   Thumb Code   200  stm32f1xx_hal_uart.o(.text.HAL_UARTEx_ReceiveToIdle_IT)
    HAL_UARTEx_RxEventCallback               0x080041c1   Thumb Code   138  usart.o(.text.HAL_UARTEx_RxEventCallback)
    HAL_UART_DMAStop                         0x0800424d   Thumb Code   540  stm32f1xx_hal_uart.o(.text.HAL_UART_DMAStop)
    HAL_UART_ErrorCallback                   0x08004469   Thumb Code     2  stm32f1xx_hal_uart.o(.text.HAL_UART_ErrorCallback)
    HAL_UART_IRQHandler                      0x0800446d   Thumb Code  1392  stm32f1xx_hal_uart.o(.text.HAL_UART_IRQHandler)
    HAL_UART_Init                            0x080049dd   Thumb Code   226  stm32f1xx_hal_uart.o(.text.HAL_UART_Init)
    HAL_UART_MspInit                         0x08004ac1   Thumb Code   376  usart.o(.text.HAL_UART_MspInit)
    HAL_UART_RxCpltCallback                  0x08004c39   Thumb Code     2  stm32f1xx_hal_uart.o(.text.HAL_UART_RxCpltCallback)
    HAL_UART_RxHalfCpltCallback              0x08004c3d   Thumb Code     2  stm32f1xx_hal_uart.o(.text.HAL_UART_RxHalfCpltCallback)
    HAL_UART_Transmit                        0x08004c41   Thumb Code   376  stm32f1xx_hal_uart.o(.text.HAL_UART_Transmit)
    HAL_UART_Transmit_DMA                    0x08004db9   Thumb Code   182  stm32f1xx_hal_uart.o(.text.HAL_UART_Transmit_DMA)
    HAL_UART_TxCpltCallback                  0x08004e71   Thumb Code    84  usart.o(.text.HAL_UART_TxCpltCallback)
    HAL_UART_TxHalfCpltCallback              0x08004ec5   Thumb Code     2  stm32f1xx_hal_uart.o(.text.HAL_UART_TxHalfCpltCallback)
    HardFault_Handler                        0x08004ec9   Thumb Code     2  stm32f1xx_it.o(.text.HardFault_Handler)
    Key_GetNum                               0x08004ecd   Thumb Code   472  key.o(.text.Key_GetNum)
    LCD_AddressSet                           0x080050a5   Thumb Code  1386  st7735.o(.text.LCD_AddressSet)
    LCD_Clear                                0x08005611   Thumb Code   948  st7735.o(.text.LCD_Clear)
    LCD_DrawCircle                           0x080059c5   Thumb Code  1146  st7735.o(.text.LCD_DrawCircle)
    LCD_DrawLine                             0x08005e41   Thumb Code   306  st7735.o(.text.LCD_DrawLine)
    LCD_DrawPoint                            0x08005f75   Thumb Code   136  st7735.o(.text.LCD_DrawPoint)
    LCD_DrawRectangle                        0x08005ffd   Thumb Code    80  st7735.o(.text.LCD_DrawRectangle)
    LCD_FillColor                            0x0800604d   Thumb Code   646  st7735.o(.text.LCD_FillColor)
    LCD_Init                                 0x080062d5   Thumb Code  5218  st7735.o(.text.LCD_Init)
    LCD_Print                                0x08007739   Thumb Code   232  st7735.o(.text.LCD_Print)
    LCD_Show                                 0x08007821   Thumb Code    20  st7735.o(.text.LCD_Show)
    LCD_ShowChar                             0x08007835   Thumb Code  1852  st7735.o(.text.LCD_ShowChar)
    LCD_ShowChinese                          0x08007f71   Thumb Code    74  st7735.o(.text.LCD_ShowChinese)
    LCD_ShowChineseChar                      0x08007fbd   Thumb Code   980  st7735.o(.text.LCD_ShowChineseChar)
    LCD_ShowString                           0x08008391   Thumb Code    80  st7735.o(.text.LCD_ShowString)
    LCD_WriteCommand                         0x080083e1   Thumb Code   178  st7735.o(.text.LCD_WriteCommand)
    LCD_WriteData16                          0x08008495   Thumb Code   276  st7735.o(.text.LCD_WriteData16)
    LCD_WriteData16Continue                  0x080085a9   Thumb Code   312  st7735.o(.text.LCD_WriteData16Continue)
    LCD_WriteData8                           0x080086e1   Thumb Code   154  st7735.o(.text.LCD_WriteData8)
    LCD_WriteDataStart                       0x0800877d   Thumb Code    12  st7735.o(.text.LCD_WriteDataStart)
    LCD_WriteDataStop                        0x08008789   Thumb Code    10  st7735.o(.text.LCD_WriteDataStop)
    MX_DMA_Init                              0x08008795   Thumb Code    68  dma.o(.text.MX_DMA_Init)
    MX_GPIO_Init                             0x080087d9   Thumb Code   290  gpio.o(.text.MX_GPIO_Init)
    MX_TIM1_Init                             0x080088fd   Thumb Code   124  tim.o(.text.MX_TIM1_Init)
    MX_USART1_UART_Init                      0x08008979   Thumb Code    82  usart.o(.text.MX_USART1_UART_Init)
    MX_USART3_UART_Init                      0x080089cd   Thumb Code    60  usart.o(.text.MX_USART3_UART_Init)
    MemManage_Handler                        0x08008a09   Thumb Code     2  stm32f1xx_it.o(.text.MemManage_Handler)
    Motor_Set                                0x08008a0d   Thumb Code   186  motor.o(.text.Motor_Set)
    NMI_Handler                              0x08008ac9   Thumb Code     2  stm32f1xx_it.o(.text.NMI_Handler)
    OV2640_Init                              0x08008acd   Thumb Code   180  ov2640.o(.text.OV2640_Init)
    OV2640_OutSize_Set                       0x08008b81   Thumb Code   114  ov2640.o(.text.OV2640_OutSize_Set)
    OV2640_RGB565_Mode                       0x08008bf5   Thumb Code   148  ov2640.o(.text.OV2640_RGB565_Mode)
    OneNet_AddData                           0x08008c89   Thumb Code    96  onenet.o(.text.OneNet_AddData)
    OneNet_ChangeStringFormat                0x08008ce9   Thumb Code   316  onenet.o(.text.OneNet_ChangeStringFormat)
    OneNet_Init                              0x08008e5d   Thumb Code    96  onenet.o(.text.OneNet_Init)
    OneNet_PostMQTTMessage                   0x08008f25   Thumb Code    36  onenet.o(.text.OneNet_PostMQTTMessage)
    OneNet_Run                               0x08008f69   Thumb Code   344  onenet.o(.text.OneNet_Run)
    Password_Back                            0x08009135   Thumb Code    26  password.o(.text.Password_Back)
    Password_Clear                           0x08009151   Thumb Code    18  password.o(.text.Password_Clear)
    Password_Compare                         0x08009165   Thumb Code   104  password.o(.text.Password_Compare)
    Password_Input                           0x080091cd   Thumb Code    46  password.o(.text.Password_Input)
    PendSV_Handler                           0x080091fd   Thumb Code     2  stm32f1xx_it.o(.text.PendSV_Handler)
    RC522_Init                               0x08009201   Thumb Code   466  rc522.o(.text.RC522_Init)
    RC522_PcdAnticollsion                    0x080093d5   Thumb Code   418  rc522.o(.text.RC522_PcdAnticollsion)
    RC522_PcdCommand                         0x08009579   Thumb Code  1264  rc522.o(.text.RC522_PcdCommand)
    RC522_PcdRequest                         0x08009a69   Thumb Code   308  rc522.o(.text.RC522_PcdRequest)
    RC522_Reset                              0x08009b9d   Thumb Code   184  rc522.o(.text.RC522_Reset)
    SCCB_ReadData                            0x08009c55   Thumb Code   682  sccb.o(.text.SCCB_ReadData)
    SCCB_WriteData                           0x08009f01   Thumb Code   144  sccb.o(.text.SCCB_WriteData)
    SVC_Handler                              0x0800a189   Thumb Code     2  stm32f1xx_it.o(.text.SVC_Handler)
    SysTick_Handler                          0x0800a18d   Thumb Code     4  stm32f1xx_it.o(.text.SysTick_Handler)
    SystemClock_Config                       0x0800a191   Thumb Code   172  main.o(.text.SystemClock_Config)
    SystemInit                               0x0800a23d   Thumb Code     2  system_stm32f1xx.o(.text.SystemInit)
    System_AddFingerprint                    0x0800a241   Thumb Code   884  systemfuction.o(.text.System_AddFingerprint)
    System_AddIDCard                         0x0800a5f5   Thumb Code  1604  systemfuction.o(.text.System_AddIDCard)
    System_ChangePassword                    0x0800ac85   Thumb Code   812  systemfuction.o(.text.System_ChangePassword)
    System_DeInit                            0x0800b179   Thumb Code   604  systemfuction.o(.text.System_DeInit)
    System_DeleteFingerprint                 0x0800b3f9   Thumb Code   228  systemfuction.o(.text.System_DeleteFingerprint)
    System_DoFunction                        0x0800b4f1   Thumb Code    10  systemfuction.o(.text.System_DoFunction)
    System_Init                              0x0800b4fd   Thumb Code   988  systemfuction.o(.text.System_Init)
    System_OneNetExternTask                  0x0800b96d   Thumb Code   240  systemfuction.o(.text.System_OneNetExternTask)
    System_SearchFingerprintNum              0x0800ba61   Thumb Code   164  systemfuction.o(.text.System_SearchFingerprintNum)
    System_ShowFunction                      0x0800bb2d   Thumb Code   236  systemfuction.o(.text.System_ShowFunction)
    System_ShowRestErrorMillis               0x0800bc2d   Thumb Code   340  systemfuction.o(.text.System_ShowRestErrorMillis)
    System_UnlockByFingerprint               0x0800bd9d   Thumb Code   332  systemfuction.o(.text.System_UnlockByFingerprint)
    System_UnlockByIDCard                    0x0800bf11   Thumb Code   640  systemfuction.o(.text.System_UnlockByIDCard)
    System_UnlockByPassword                  0x0800c1c1   Thumb Code   604  systemfuction.o(.text.System_UnlockByPassword)
    System_UpdataMotor                       0x0800c439   Thumb Code   170  systemfuction.o(.text.System_UpdataMotor)
    System_UpdateLockStatus                  0x0800c4e5   Thumb Code   212  systemfuction.o(.text.System_UpdateLockStatus)
    System_WatchMonitor                      0x0800c5b9   Thumb Code   464  systemfuction.o(.text.System_WatchMonitor)
    TIM1_UP_IRQHandler                       0x0800c789   Thumb Code    12  stm32f1xx_it.o(.text.TIM1_UP_IRQHandler)
    TIM_Base_SetConfig                       0x0800c795   Thumb Code   232  stm32f1xx_hal_tim.o(.text.TIM_Base_SetConfig)
    USART1_IRQHandler                        0x0800cd35   Thumb Code    12  stm32f1xx_it.o(.text.USART1_IRQHandler)
    USART3_IRQHandler                        0x0800cd41   Thumb Code    12  stm32f1xx_it.o(.text.USART3_IRQHandler)
    UsageFault_Handler                       0x0800cd4d   Thumb Code     2  stm32f1xx_it.o(.text.UsageFault_Handler)
    main                                     0x0800cd51   Thumb Code   252  main.o(.text.main)
    _btod_d2e                                0x0800cfad   Thumb Code    62  btod.o(CL$$btod_d2e)
    _d2e_denorm_low                          0x0800cfeb   Thumb Code    70  btod.o(CL$$btod_d2e_denorm_low)
    _d2e_norm_op1                            0x0800d031   Thumb Code    96  btod.o(CL$$btod_d2e_norm_op1)
    __btod_div_common                        0x0800d091   Thumb Code   696  btod.o(CL$$btod_div_common)
    _e2e                                     0x0800d3c9   Thumb Code   220  btod.o(CL$$btod_e2e)
    _btod_ediv                               0x0800d4a5   Thumb Code    42  btod.o(CL$$btod_ediv)
    _btod_emul                               0x0800d4cf   Thumb Code    42  btod.o(CL$$btod_emul)
    __btod_mult_common                       0x0800d4f9   Thumb Code   580  btod.o(CL$$btod_mult_common)
    __ARM_fpclassify                         0x0800d73d   Thumb Code    40  fpclassify.o(i.__ARM_fpclassify)
    _is_digit                                0x0800d765   Thumb Code    14  __printf_wp.o(i._is_digit)
    _get_lc_numeric                          0x0800d775   Thumb Code    44  lc_numeric_c.o(locale$$code)
    _get_lc_ctype                            0x0800d7a1   Thumb Code    44  lc_ctype_c.o(locale$$code)
    __fpl_dretinf                            0x0800d7cd   Thumb Code    12  dretinf.o(x$fpl$dretinf)
    __aeabi_f2d                              0x0800d7d9   Thumb Code     0  f2d.o(x$fpl$f2d)
    _f2d                                     0x0800d7d9   Thumb Code    86  f2d.o(x$fpl$f2d)
    __fpl_fnaninf                            0x0800d82f   Thumb Code   140  fnaninf.o(x$fpl$fnaninf)
    _printf_fp_dec                           0x0800d8bb   Thumb Code     4  printf1.o(x$fpl$printf1)
    _printf_fp_hex                           0x0800d8bf   Thumb Code     4  printf2.o(x$fpl$printf2)
    __I$use$fp                               0x0800d8c2   Number         0  usenofp.o(x$fpl$usenofp)
    AHBPrescTable                            0x0800dabc   Data          16  system_stm32f1xx.o(.rodata.AHBPrescTable)
    APBPrescTable                            0x0800dacc   Data           8  system_stm32f1xx.o(.rodata.APBPrescTable)
    ASCII_1208                               0x0800dad4   Data        1140  st7735.o(.rodata.ASCII_1208)
    ASCII_1608                               0x0800df48   Data        1520  st7735.o(.rodata.ASCII_1608)
    GB_1616                                  0x0800e538   Data        3094  st7735.o(.rodata.GB_1616)
    ov2640_uxga_init_reg_tbl                 0x0800f164   Data         356  ov2640.o(.rodata.ov2640_uxga_init_reg_tbl)
    Region$$Table$$Base                      0x0800f6fc   Number         0  anon$$obj.o(Region$$Table)
    Region$$Table$$Limit                     0x0800f71c   Number         0  anon$$obj.o(Region$$Table)
    __ctype                                  0x0800f745   Data           0  lc_ctype_c.o(locale$$data)
    uwTickFreq                               0x20000000   Data           1  stm32f1xx_hal.o(.data..L_MergedGlobals)
    uwTickPrio                               0x20000004   Data           4  stm32f1xx_hal.o(.data..L_MergedGlobals)
    SystemCoreClock                          0x20000008   Data           4  system_stm32f1xx.o(.data.SystemCoreClock)
    chip_addr                                0x2000000c   Data           4  as608.o(.data.chip_addr)
    esp_1                                    0x20000010   Data          96  main.o(.data.esp_1)
    huart1IdleFlag                           0x20000070   Data           1  usart.o(.data.huart1IdleFlag)
    key_1                                    0x20000074   Data          72  main.o(.data.key_1)
    motor_1                                  0x200000bc   Data          32  main.o(.data.motor_1)
    onenet_1                                 0x200000dc   Data        2064  main.o(.data.onenet_1)
    ov2640_1                                 0x200008ec   Data         108  main.o(.data.ov2640_1)
    rc522_1                                  0x20000958   Data          52  main.o(.data.rc522_1)
    sccb_1                                   0x2000098c   Data          20  main.o(.data.sccb_1)
    sys                                      0x200009a0   Data        1224  main.o(.data.sys)
    sys_password                             0x20000e68   Data          17  main.o(.data.sys_password)
    __libspace_start                         0x20000e80   Data          96  libspace.o(.bss)
    __temporary_stack_top$libspace           0x20000ee0   Data           0  libspace.o(.bss)
    as608_1                                  0x20000f14   Data         308  main.o(.bss.as608_1)
    hdma_usart3_rx                           0x20001048   Data          68  usart.o(.bss.hdma_usart3_rx)
    hdma_usart3_tx                           0x2000108c   Data          68  usart.o(.bss.hdma_usart3_tx)
    htim1                                    0x200010d0   Data          72  tim.o(.bss.htim1)
    huart1                                   0x20001118   Data          72  usart.o(.bss.huart1)
    huart1ReceiveBuffer                      0x20001260   Data         256  usart.o(.bss.huart1ReceiveBuffer)
    huart3                                   0x20001360   Data          72  usart.o(.bss.huart3)
    lcd_1                                    0x200013a8   Data         116  main.o(.bss.lcd_1)
    rx3Buffer                                0x2000141c   Data         256  usart.o(.bss.rx3Buffer)
    tx3Buffer                                0x2000151c   Data         256  usart.o(.bss.tx3Buffer)
    uwTick                                   0x2000161c   Data           4  stm32f1xx_hal.o(.bss.uwTick)



==============================================================================

Memory Map of the image

  Image Entry point : 0x08000131

  Load Region LR_IROM1 (Base: 0x08000000, Size: 0x000106c8, Max: 0x00040000, ABSOLUTE, COMPRESSED[0x0000f938])

    Execution Region ER_IROM1 (Exec base: 0x08000000, Load base: 0x08000000, Size: 0x0000f848, Max: 0x00040000, ABSOLUTE)

    Exec Addr    Load Addr    Size         Type   Attr      Idx    E Section Name        Object

    0x08000000   0x08000000   0x00000130   Data   RO            3    RESET               startup_stm32f103xe.o
    0x08000130   0x08000130   0x00000008   Code   RO         1406  * !!!main             c_w.l(__main.o)
    0x08000138   0x08000138   0x0000005c   Code   RO         1721    !!!scatter          c_w.l(__scatter.o)
    0x08000194   0x08000194   0x0000005a   Code   RO         1719    !!dczerorl2         c_w.l(__dczerorl2.o)
    0x080001ee   0x080001ee   0x00000002   PAD
    0x080001f0   0x080001f0   0x00000002   Code   RO         1722    !!handler_null      c_w.l(__scatter.o)
    0x080001f2   0x080001f2   0x00000002   PAD
    0x080001f4   0x080001f4   0x0000001c   Code   RO         1725    !!handler_zi        c_w.l(__scatter_zi.o)
    0x08000210   0x08000210   0x00000000   Code   RO         1381    .ARM.Collect$$_printf_percent$$00000000  c_w.l(_printf_percent.o)
    0x08000210   0x08000210   0x00000006   Code   RO         1464    .ARM.Collect$$_printf_percent$$00000001  c_w.l(_printf_n.o)
    0x08000216   0x08000216   0x00000006   Code   RO         1466    .ARM.Collect$$_printf_percent$$00000002  c_w.l(_printf_p.o)
    0x0800021c   0x0800021c   0x00000006   Code   RO         1380    .ARM.Collect$$_printf_percent$$00000003  c_w.l(_printf_f.o)
    0x08000222   0x08000222   0x00000006   Code   RO         1470    .ARM.Collect$$_printf_percent$$00000004  c_w.l(_printf_e.o)
    0x08000228   0x08000228   0x00000006   Code   RO         1471    .ARM.Collect$$_printf_percent$$00000005  c_w.l(_printf_g.o)
    0x0800022e   0x0800022e   0x00000006   Code   RO         1472    .ARM.Collect$$_printf_percent$$00000006  c_w.l(_printf_a.o)
    0x08000234   0x08000234   0x0000000a   Code   RO         1477    .ARM.Collect$$_printf_percent$$00000007  c_w.l(_printf_ll.o)
    0x0800023e   0x0800023e   0x00000006   Code   RO         1468    .ARM.Collect$$_printf_percent$$00000008  c_w.l(_printf_i.o)
    0x08000244   0x08000244   0x00000006   Code   RO         1379    .ARM.Collect$$_printf_percent$$00000009  c_w.l(_printf_d.o)
    0x0800024a   0x0800024a   0x00000006   Code   RO         1469    .ARM.Collect$$_printf_percent$$0000000A  c_w.l(_printf_u.o)
    0x08000250   0x08000250   0x00000006   Code   RO         1467    .ARM.Collect$$_printf_percent$$0000000B  c_w.l(_printf_o.o)
    0x08000256   0x08000256   0x00000006   Code   RO         1465    .ARM.Collect$$_printf_percent$$0000000C  c_w.l(_printf_x.o)
    0x0800025c   0x0800025c   0x00000006   Code   RO         1474    .ARM.Collect$$_printf_percent$$0000000D  c_w.l(_printf_lli.o)
    0x08000262   0x08000262   0x00000006   Code   RO         1475    .ARM.Collect$$_printf_percent$$0000000E  c_w.l(_printf_lld.o)
    0x08000268   0x08000268   0x00000006   Code   RO         1476    .ARM.Collect$$_printf_percent$$0000000F  c_w.l(_printf_llu.o)
    0x0800026e   0x0800026e   0x00000006   Code   RO         1481    .ARM.Collect$$_printf_percent$$00000010  c_w.l(_printf_llo.o)
    0x08000274   0x08000274   0x00000006   Code   RO         1482    .ARM.Collect$$_printf_percent$$00000011  c_w.l(_printf_llx.o)
    0x0800027a   0x0800027a   0x0000000a   Code   RO         1478    .ARM.Collect$$_printf_percent$$00000012  c_w.l(_printf_l.o)
    0x08000284   0x08000284   0x00000006   Code   RO         1463    .ARM.Collect$$_printf_percent$$00000013  c_w.l(_printf_c.o)
    0x0800028a   0x0800028a   0x00000006   Code   RO         1378    .ARM.Collect$$_printf_percent$$00000014  c_w.l(_printf_s.o)
    0x08000290   0x08000290   0x00000006   Code   RO         1479    .ARM.Collect$$_printf_percent$$00000015  c_w.l(_printf_lc.o)
    0x08000296   0x08000296   0x00000006   Code   RO         1480    .ARM.Collect$$_printf_percent$$00000016  c_w.l(_printf_ls.o)
    0x0800029c   0x0800029c   0x00000004   Code   RO         1473    .ARM.Collect$$_printf_percent$$00000017  c_w.l(_printf_percent_end.o)
    0x080002a0   0x080002a0   0x00000002   Code   RO         1579    .ARM.Collect$$libinit$$00000000  c_w.l(libinit.o)
    0x080002a2   0x080002a2   0x00000000   Code   RO         1581    .ARM.Collect$$libinit$$00000002  c_w.l(libinit2.o)
    0x080002a2   0x080002a2   0x00000000   Code   RO         1583    .ARM.Collect$$libinit$$00000004  c_w.l(libinit2.o)
    0x080002a2   0x080002a2   0x00000000   Code   RO         1585    .ARM.Collect$$libinit$$00000006  c_w.l(libinit2.o)
    0x080002a2   0x080002a2   0x00000000   Code   RO         1588    .ARM.Collect$$libinit$$0000000C  c_w.l(libinit2.o)
    0x080002a2   0x080002a2   0x00000000   Code   RO         1590    .ARM.Collect$$libinit$$0000000E  c_w.l(libinit2.o)
    0x080002a2   0x080002a2   0x00000000   Code   RO         1592    .ARM.Collect$$libinit$$00000010  c_w.l(libinit2.o)
    0x080002a2   0x080002a2   0x00000006   Code   RO         1593    .ARM.Collect$$libinit$$00000011  c_w.l(libinit2.o)
    0x080002a8   0x080002a8   0x00000000   Code   RO         1595    .ARM.Collect$$libinit$$00000013  c_w.l(libinit2.o)
    0x080002a8   0x080002a8   0x0000000c   Code   RO         1596    .ARM.Collect$$libinit$$00000014  c_w.l(libinit2.o)
    0x080002b4   0x080002b4   0x00000000   Code   RO         1597    .ARM.Collect$$libinit$$00000015  c_w.l(libinit2.o)
    0x080002b4   0x080002b4   0x00000000   Code   RO         1599    .ARM.Collect$$libinit$$00000017  c_w.l(libinit2.o)
    0x080002b4   0x080002b4   0x0000000a   Code   RO         1600    .ARM.Collect$$libinit$$00000018  c_w.l(libinit2.o)
    0x080002be   0x080002be   0x00000000   Code   RO         1601    .ARM.Collect$$libinit$$00000019  c_w.l(libinit2.o)
    0x080002be   0x080002be   0x00000000   Code   RO         1603    .ARM.Collect$$libinit$$0000001B  c_w.l(libinit2.o)
    0x080002be   0x080002be   0x00000000   Code   RO         1605    .ARM.Collect$$libinit$$0000001D  c_w.l(libinit2.o)
    0x080002be   0x080002be   0x00000000   Code   RO         1607    .ARM.Collect$$libinit$$0000001F  c_w.l(libinit2.o)
    0x080002be   0x080002be   0x00000000   Code   RO         1609    .ARM.Collect$$libinit$$00000021  c_w.l(libinit2.o)
    0x080002be   0x080002be   0x00000000   Code   RO         1611    .ARM.Collect$$libinit$$00000023  c_w.l(libinit2.o)
    0x080002be   0x080002be   0x00000000   Code   RO         1613    .ARM.Collect$$libinit$$00000025  c_w.l(libinit2.o)
    0x080002be   0x080002be   0x00000000   Code   RO         1615    .ARM.Collect$$libinit$$00000027  c_w.l(libinit2.o)
    0x080002be   0x080002be   0x00000000   Code   RO         1619    .ARM.Collect$$libinit$$0000002E  c_w.l(libinit2.o)
    0x080002be   0x080002be   0x00000000   Code   RO         1621    .ARM.Collect$$libinit$$00000030  c_w.l(libinit2.o)
    0x080002be   0x080002be   0x00000000   Code   RO         1623    .ARM.Collect$$libinit$$00000032  c_w.l(libinit2.o)
    0x080002be   0x080002be   0x00000000   Code   RO         1625    .ARM.Collect$$libinit$$00000034  c_w.l(libinit2.o)
    0x080002be   0x080002be   0x00000002   Code   RO         1626    .ARM.Collect$$libinit$$00000035  c_w.l(libinit2.o)
    0x080002c0   0x080002c0   0x00000002   Code   RO         1665    .ARM.Collect$$libshutdown$$00000000  c_w.l(libshutdown.o)
    0x080002c2   0x080002c2   0x00000000   Code   RO         1676    .ARM.Collect$$libshutdown$$00000002  c_w.l(libshutdown2.o)
    0x080002c2   0x080002c2   0x00000000   Code   RO         1678    .ARM.Collect$$libshutdown$$00000004  c_w.l(libshutdown2.o)
    0x080002c2   0x080002c2   0x00000000   Code   RO         1681    .ARM.Collect$$libshutdown$$00000007  c_w.l(libshutdown2.o)
    0x080002c2   0x080002c2   0x00000000   Code   RO         1684    .ARM.Collect$$libshutdown$$0000000A  c_w.l(libshutdown2.o)
    0x080002c2   0x080002c2   0x00000000   Code   RO         1686    .ARM.Collect$$libshutdown$$0000000C  c_w.l(libshutdown2.o)
    0x080002c2   0x080002c2   0x00000000   Code   RO         1689    .ARM.Collect$$libshutdown$$0000000F  c_w.l(libshutdown2.o)
    0x080002c2   0x080002c2   0x00000002   Code   RO         1690    .ARM.Collect$$libshutdown$$00000010  c_w.l(libshutdown2.o)
    0x080002c4   0x080002c4   0x00000000   Code   RO         1412    .ARM.Collect$$rtentry$$00000000  c_w.l(__rtentry.o)
    0x080002c4   0x080002c4   0x00000000   Code   RO         1495    .ARM.Collect$$rtentry$$00000002  c_w.l(__rtentry2.o)
    0x080002c4   0x080002c4   0x00000006   Code   RO         1507    .ARM.Collect$$rtentry$$00000004  c_w.l(__rtentry4.o)
    0x080002ca   0x080002ca   0x00000000   Code   RO         1497    .ARM.Collect$$rtentry$$00000009  c_w.l(__rtentry2.o)
    0x080002ca   0x080002ca   0x00000004   Code   RO         1498    .ARM.Collect$$rtentry$$0000000A  c_w.l(__rtentry2.o)
    0x080002ce   0x080002ce   0x00000000   Code   RO         1500    .ARM.Collect$$rtentry$$0000000C  c_w.l(__rtentry2.o)
    0x080002ce   0x080002ce   0x00000008   Code   RO         1501    .ARM.Collect$$rtentry$$0000000D  c_w.l(__rtentry2.o)
    0x080002d6   0x080002d6   0x00000002   Code   RO         1627    .ARM.Collect$$rtexit$$00000000  c_w.l(rtexit.o)
    0x080002d8   0x080002d8   0x00000000   Code   RO         1639    .ARM.Collect$$rtexit$$00000002  c_w.l(rtexit2.o)
    0x080002d8   0x080002d8   0x00000004   Code   RO         1640    .ARM.Collect$$rtexit$$00000003  c_w.l(rtexit2.o)
    0x080002dc   0x080002dc   0x00000006   Code   RO         1641    .ARM.Collect$$rtexit$$00000004  c_w.l(rtexit2.o)
    0x080002e2   0x080002e2   0x00000002   PAD
    0x080002e4   0x080002e4   0x00000040   Code   RO            4    .text               startup_stm32f103xe.o
    0x08000324   0x08000324   0x00000024   Code   RO         1346    .text               c_w.l(vsprintf.o)
    0x08000348   0x08000348   0x0000002c   Code   RO         1348    .text               c_w.l(__2sprintf.o)
    0x08000374   0x08000374   0x00000052   Code   RO         1354    .text               c_w.l(_printf_str.o)
    0x080003c6   0x080003c6   0x00000002   PAD
    0x080003c8   0x080003c8   0x00000078   Code   RO         1356    .text               c_w.l(_printf_dec.o)
    0x08000440   0x08000440   0x00000188   Code   RO         1375    .text               c_w.l(__printf_flags_ss_wp.o)
    0x080005c8   0x080005c8   0x00000014   Code   RO         1382    .text               c_w.l(strchr.o)
    0x080005dc   0x080005dc   0x00000024   Code   RO         1384    .text               c_w.l(strstr.o)
    0x08000600   0x08000600   0x00000058   Code   RO         1386    .text               c_w.l(memcmp.o)
    0x08000658   0x08000658   0x00000048   Code   RO         1388    .text               c_w.l(strcpy.o)
    0x080006a0   0x080006a0   0x0000003e   Code   RO         1390    .text               c_w.l(strlen.o)
    0x080006de   0x080006de   0x00000096   Code   RO         1392    .text               c_w.l(strncmp.o)
    0x08000774   0x08000774   0x00000018   Code   RO         1394    .text               c_w.l(strcat.o)
    0x0800078c   0x0800078c   0x0000008a   Code   RO         1396    .text               c_w.l(rt_memcpy_v6.o)
    0x08000816   0x08000816   0x00000064   Code   RO         1398    .text               c_w.l(rt_memcpy_w.o)
    0x0800087a   0x0800087a   0x00000044   Code   RO         1400    .text               c_w.l(rt_memclr.o)
    0x080008be   0x080008be   0x0000004e   Code   RO         1402    .text               c_w.l(rt_memclr_w.o)
    0x0800090c   0x0800090c   0x00000006   Code   RO         1404    .text               c_w.l(heapauxi.o)
    0x08000912   0x08000912   0x0000004e   Code   RO         1413    .text               c_w.l(_printf_pad.o)
    0x08000960   0x08000960   0x00000024   Code   RO         1415    .text               c_w.l(_printf_truncate.o)
    0x08000984   0x08000984   0x000000b2   Code   RO         1417    .text               c_w.l(_printf_intcommon.o)
    0x08000a36   0x08000a36   0x00000028   Code   RO         1419    .text               c_w.l(_printf_charcount.o)
    0x08000a5e   0x08000a5e   0x0000041c   Code   RO         1421    .text               c_w.l(_printf_fp_dec.o)
    0x08000e7a   0x08000e7a   0x00000002   PAD
    0x08000e7c   0x08000e7c   0x00000030   Code   RO         1425    .text               c_w.l(_printf_char_common.o)
    0x08000eac   0x08000eac   0x0000000a   Code   RO         1427    .text               c_w.l(_sputc.o)
    0x08000eb6   0x08000eb6   0x0000002c   Code   RO         1429    .text               c_w.l(_printf_char.o)
    0x08000ee2   0x08000ee2   0x00000002   PAD
    0x08000ee4   0x08000ee4   0x000000bc   Code   RO         1431    .text               c_w.l(_printf_wctomb.o)
    0x08000fa0   0x08000fa0   0x0000007c   Code   RO         1434    .text               c_w.l(_printf_longlong_dec.o)
    0x0800101c   0x0800101c   0x00000070   Code   RO         1440    .text               c_w.l(_printf_oct_int_ll.o)
    0x0800108c   0x0800108c   0x00000094   Code   RO         1460    .text               c_w.l(_printf_hex_int_ll_ptr.o)
    0x08001120   0x08001120   0x00000008   Code   RO         1512    .text               c_w.l(rt_locale_intlibspace.o)
    0x08001128   0x08001128   0x0000008a   Code   RO         1514    .text               c_w.l(lludiv10.o)
    0x080011b2   0x080011b2   0x00000002   PAD
    0x080011b4   0x080011b4   0x000002fc   Code   RO         1516    .text               c_w.l(_printf_fp_hex.o)
    0x080014b0   0x080014b0   0x00000080   Code   RO         1519    .text               c_w.l(_printf_fp_infnan.o)
    0x08001530   0x08001530   0x0000002c   Code   RO         1523    .text               c_w.l(_printf_wchar.o)
    0x0800155c   0x0800155c   0x000000e4   Code   RO         1525    .text               c_w.l(bigflt0.o)
    0x08001640   0x08001640   0x00000048   Code   RO         1552    .text               c_w.l(_c16rtomb.o)
    0x08001688   0x08001688   0x00000008   Code   RO         1561    .text               c_w.l(libspace.o)
    0x08001690   0x08001690   0x0000004a   Code   RO         1564    .text               c_w.l(sys_stackheap_outer.o)
    0x080016da   0x080016da   0x00000002   PAD
    0x080016dc   0x080016dc   0x00000010   Code   RO         1566    .text               c_w.l(rt_ctype_table.o)
    0x080016ec   0x080016ec   0x00000012   Code   RO         1570    .text               c_w.l(exit.o)
    0x080016fe   0x080016fe   0x00000002   PAD
    0x08001700   0x08001700   0x00000080   Code   RO         1572    .text               c_w.l(strcmpv7m.o)
    0x08001780   0x08001780   0x0000000c   Code   RO         1651    .text               c_w.l(sys_exit.o)
    0x0800178c   0x0800178c   0x00000002   Code   RO         1666    .text               c_w.l(use_no_semi.o)
    0x0800178e   0x0800178e   0x00000000   Code   RO         1668    .text               c_w.l(indicate_semi.o)
    0x0800178e   0x0800178e   0x00000002   PAD
    0x08001790   0x08001790   0x0000004c   Code   RO         1163    .text.AS608_BrushFingerprint  as608.o
    0x080017dc   0x080017dc   0x0000019a   Code   RO         1145    .text.AS608_DeleteChar  as608.o
    0x08001976   0x08001976   0x00000002   PAD
    0x08001978   0x08001978   0x0000018a   Code   RO         1135    .text.AS608_GenChar  as608.o
    0x08001b02   0x08001b02   0x00000002   PAD
    0x08001b04   0x08001b04   0x0000017a   Code   RO         1133    .text.AS608_GetImage  as608.o
    0x08001c7e   0x08001c7e   0x00000002   PAD
    0x08001c80   0x08001c80   0x00000012   Code   RO         1129    .text.AS608_GetWAK  as608.o
    0x08001c92   0x08001c92   0x00000002   PAD
    0x08001c94   0x08001c94   0x00000056   Code   RO         1165    .text.AS608_Init    as608.o
    0x08001cea   0x08001cea   0x00000002   PAD
    0x08001cec   0x08001cec   0x000000ac   Code   RO         1161    .text.AS608_InputFingerprint  as608.o
    0x08001d98   0x08001d98   0x0000022e   Code   RO         1159    .text.AS608_ReadNotepad  as608.o
    0x08001fc6   0x08001fc6   0x00000002   PAD
    0x08001fc8   0x08001fc8   0x0000017e   Code   RO         1141    .text.AS608_RegModel  as608.o
    0x08002146   0x08002146   0x00000002   PAD
    0x08002148   0x08002148   0x000001a2   Code   RO         1139    .text.AS608_Search  as608.o
    0x080022ea   0x080022ea   0x00000002   PAD
    0x080022ec   0x080022ec   0x00000196   Code   RO         1143    .text.AS608_StoreChar  as608.o
    0x08002482   0x08002482   0x00000002   PAD
    0x08002484   0x08002484   0x00000190   Code   RO         1155    .text.AS608_ValidTempleteNum  as608.o
    0x08002614   0x08002614   0x00000276   Code   RO         1157    .text.AS608_WriteNotepad  as608.o
    0x0800288a   0x0800288a   0x00000002   PAD
    0x0800288c   0x0800288c   0x00000002   Code   RO          112    .text.BusFault_Handler  stm32f1xx_it.o
    0x0800288e   0x0800288e   0x00000002   PAD
    0x08002890   0x08002890   0x0000000c   Code   RO          124    .text.DMA1_Channel2_IRQHandler  stm32f1xx_it.o
    0x0800289c   0x0800289c   0x0000000c   Code   RO          126    .text.DMA1_Channel3_IRQHandler  stm32f1xx_it.o
    0x080028a8   0x080028a8   0x00000002   Code   RO          118    .text.DebugMon_Handler  stm32f1xx_it.o
    0x080028aa   0x080028aa   0x00000002   PAD
    0x080028ac   0x080028ac   0x0000006a   Code   RO         1177    .text.Delay_us      delay.o
    0x08002916   0x08002916   0x00000002   PAD
    0x08002918   0x08002918   0x00000004   Code   RO          951    .text.Display_Clear  display.o
    0x0800291c   0x0800291c   0x00000016   Code   RO          959    .text.Display_DrawRectangle  display.o
    0x08002932   0x08002932   0x00000002   PAD
    0x08002934   0x08002934   0x00000014   Code   RO          953    .text.Display_Fill  display.o
    0x08002948   0x08002948   0x00000036   Code   RO          971    .text.Display_Print  display.o
    0x0800297e   0x0800297e   0x00000002   PAD
    0x08002980   0x08002980   0x00000036   Code   RO          969    .text.Display_Show  display.o
    0x080029b6   0x080029b6   0x00000002   PAD
    0x080029b8   0x080029b8   0x00000006   Code   RO          963    .text.Display_ShowChar  display.o
    0x080029be   0x080029be   0x00000002   PAD
    0x080029c0   0x080029c0   0x0000001a   Code   RO         1242    .text.ESP_Init      esp01.o
    0x080029da   0x080029da   0x00000002   PAD
    0x080029dc   0x080029dc   0x00000158   Code   RO         1244    .text.ESP_Run       esp01.o
    0x08002b34   0x08002b34   0x0000005a   Code   RO         1240    .text.ESP_TransmitCommand  esp01.o
    0x08002b8e   0x08002b8e   0x00000002   PAD
    0x08002b90   0x08002b90   0x00000030   Code   RO           17    .text.Error_Handler  main.o
    0x08002bc0   0x08002bc0   0x00000046   Code   RO          627    .text.HAL_DMA_Abort  stm32f1xx_hal_dma.o
    0x08002c06   0x08002c06   0x00000002   PAD
    0x08002c08   0x08002c08   0x00000130   Code   RO          629    .text.HAL_DMA_Abort_IT  stm32f1xx_hal_dma.o
    0x08002d38   0x08002d38   0x0000028e   Code   RO          633    .text.HAL_DMA_IRQHandler  stm32f1xx_hal_dma.o
    0x08002fc6   0x08002fc6   0x00000002   PAD
    0x08002fc8   0x08002fc8   0x0000009e   Code   RO          619    .text.HAL_DMA_Init  stm32f1xx_hal_dma.o
    0x08003066   0x08003066   0x00000002   PAD
    0x08003068   0x08003068   0x000000a0   Code   RO          625    .text.HAL_DMA_Start_IT  stm32f1xx_hal_dma.o
    0x08003108   0x08003108   0x00000028   Code   RO          503    .text.HAL_Delay     stm32f1xx_hal.o
    0x08003130   0x08003130   0x000001f2   Code   RO          595    .text.HAL_GPIO_Init  stm32f1xx_hal_gpio.o
    0x08003322   0x08003322   0x00000002   PAD
    0x08003324   0x08003324   0x0000000a   Code   RO          601    .text.HAL_GPIO_WritePin  stm32f1xx_hal_gpio.o
    0x0800332e   0x0800332e   0x00000002   PAD
    0x08003330   0x08003330   0x0000000c   Code   RO          495    .text.HAL_GetTick   stm32f1xx_hal.o
    0x0800333c   0x0800333c   0x0000001a   Code   RO          493    .text.HAL_IncTick   stm32f1xx_hal.o
    0x08003356   0x08003356   0x00000002   PAD
    0x08003358   0x08003358   0x00000026   Code   RO          483    .text.HAL_Init      stm32f1xx_hal.o
    0x0800337e   0x0800337e   0x00000002   PAD
    0x08003380   0x08003380   0x00000048   Code   RO          485    .text.HAL_InitTick  stm32f1xx_hal.o
    0x080033c8   0x080033c8   0x00000042   Code   RO          141    .text.HAL_MspInit   stm32f1xx_hal_msp.o
    0x0800340a   0x0800340a   0x00000002   PAD
    0x0800340c   0x0800340c   0x00000022   Code   RO          655    .text.HAL_NVIC_EnableIRQ  stm32f1xx_hal_cortex.o
    0x0800342e   0x0800342e   0x00000002   PAD
    0x08003430   0x08003430   0x00000056   Code   RO          653    .text.HAL_NVIC_SetPriority  stm32f1xx_hal_cortex.o
    0x08003486   0x08003486   0x00000002   PAD
    0x08003488   0x08003488   0x00000020   Code   RO          651    .text.HAL_NVIC_SetPriorityGrouping  stm32f1xx_hal_cortex.o
    0x080034a8   0x080034a8   0x000001c2   Code   RO          547    .text.HAL_RCC_ClockConfig  stm32f1xx_hal_rcc.o
    0x0800366a   0x0800366a   0x00000002   PAD
    0x0800366c   0x0800366c   0x00000026   Code   RO          559    .text.HAL_RCC_GetPCLK1Freq  stm32f1xx_hal_rcc.o
    0x08003692   0x08003692   0x00000002   PAD
    0x08003694   0x08003694   0x00000026   Code   RO          561    .text.HAL_RCC_GetPCLK2Freq  stm32f1xx_hal_rcc.o
    0x080036ba   0x080036ba   0x00000002   PAD
    0x080036bc   0x080036bc   0x00000400   Code   RO          545    .text.HAL_RCC_OscConfig  stm32f1xx_hal_rcc.o
    0x08003abc   0x08003abc   0x0000002c   Code   RO          663    .text.HAL_SYSTICK_Config  stm32f1xx_hal_cortex.o
    0x08003ae8   0x08003ae8   0x00000002   Code   RO          469    .text.HAL_TIMEx_BreakCallback  stm32f1xx_hal_tim_ex.o
    0x08003aea   0x08003aea   0x00000002   PAD
    0x08003aec   0x08003aec   0x00000002   Code   RO          465    .text.HAL_TIMEx_CommutCallback  stm32f1xx_hal_tim_ex.o
    0x08003aee   0x08003aee   0x00000002   PAD
    0x08003af0   0x08003af0   0x00000096   Code   RO          459    .text.HAL_TIMEx_MasterConfigSynchronization  stm32f1xx_hal_tim_ex.o
    0x08003b86   0x08003b86   0x00000002   PAD
    0x08003b88   0x08003b88   0x0000005a   Code   RO          164    .text.HAL_TIM_Base_Init  stm32f1xx_hal_tim.o
    0x08003be2   0x08003be2   0x00000002   PAD
    0x08003be4   0x08003be4   0x00000044   Code   RO           64    .text.HAL_TIM_Base_MspInit  tim.o
    0x08003c28   0x08003c28   0x000001a0   Code   RO          344    .text.HAL_TIM_ConfigClockSource  stm32f1xx_hal_tim.o
    0x08003dc8   0x08003dc8   0x00000002   Code   RO          300    .text.HAL_TIM_IC_CaptureCallback  stm32f1xx_hal_tim.o
    0x08003dca   0x08003dca   0x00000002   PAD
    0x08003dcc   0x08003dcc   0x0000014e   Code   RO          298    .text.HAL_TIM_IRQHandler  stm32f1xx_hal_tim.o
    0x08003f1a   0x08003f1a   0x00000002   PAD
    0x08003f1c   0x08003f1c   0x00000002   Code   RO          302    .text.HAL_TIM_OC_DelayElapsedCallback  stm32f1xx_hal_tim.o
    0x08003f1e   0x08003f1e   0x00000002   PAD
    0x08003f20   0x08003f20   0x00000002   Code   RO          304    .text.HAL_TIM_PWM_PulseFinishedCallback  stm32f1xx_hal_tim.o
    0x08003f22   0x08003f22   0x00000002   PAD
    0x08003f24   0x08003f24   0x00000002   Code   RO          306    .text.HAL_TIM_PeriodElapsedCallback  stm32f1xx_hal_tim.o
    0x08003f26   0x08003f26   0x00000002   PAD
    0x08003f28   0x08003f28   0x00000002   Code   RO          308    .text.HAL_TIM_TriggerCallback  stm32f1xx_hal_tim.o
    0x08003f2a   0x08003f2a   0x00000002   PAD
    0x08003f2c   0x08003f2c   0x000001ca   Code   RO          862    .text.HAL_UARTEx_ReceiveToIdle_DMA  stm32f1xx_hal_uart.o
    0x080040f6   0x080040f6   0x00000002   PAD
    0x080040f8   0x080040f8   0x000000c8   Code   RO          860    .text.HAL_UARTEx_ReceiveToIdle_IT  stm32f1xx_hal_uart.o
    0x080041c0   0x080041c0   0x0000008a   Code   RO           87    .text.HAL_UARTEx_RxEventCallback  usart.o
    0x0800424a   0x0800424a   0x00000002   PAD
    0x0800424c   0x0800424c   0x0000021c   Code   RO          856    .text.HAL_UART_DMAStop  stm32f1xx_hal_uart.o
    0x08004468   0x08004468   0x00000002   Code   RO          898    .text.HAL_UART_ErrorCallback  stm32f1xx_hal_uart.o
    0x0800446a   0x0800446a   0x00000002   PAD
    0x0800446c   0x0800446c   0x00000570   Code   RO          892    .text.HAL_UART_IRQHandler  stm32f1xx_hal_uart.o
    0x080049dc   0x080049dc   0x000000e2   Code   RO          816    .text.HAL_UART_Init  stm32f1xx_hal_uart.o
    0x08004abe   0x08004abe   0x00000002   PAD
    0x08004ac0   0x08004ac0   0x00000178   Code   RO           81    .text.HAL_UART_MspInit  usart.o
    0x08004c38   0x08004c38   0x00000002   Code   RO          906    .text.HAL_UART_RxCpltCallback  stm32f1xx_hal_uart.o
    0x08004c3a   0x08004c3a   0x00000002   PAD
    0x08004c3c   0x08004c3c   0x00000002   Code   RO          908    .text.HAL_UART_RxHalfCpltCallback  stm32f1xx_hal_uart.o
    0x08004c3e   0x08004c3e   0x00000002   PAD
    0x08004c40   0x08004c40   0x00000178   Code   RO          830    .text.HAL_UART_Transmit  stm32f1xx_hal_uart.o
    0x08004db8   0x08004db8   0x000000b6   Code   RO          840    .text.HAL_UART_Transmit_DMA  stm32f1xx_hal_uart.o
    0x08004e6e   0x08004e6e   0x00000002   PAD
    0x08004e70   0x08004e70   0x00000054   Code   RO           85    .text.HAL_UART_TxCpltCallback  usart.o
    0x08004ec4   0x08004ec4   0x00000002   Code   RO          904    .text.HAL_UART_TxHalfCpltCallback  stm32f1xx_hal_uart.o
    0x08004ec6   0x08004ec6   0x00000002   PAD
    0x08004ec8   0x08004ec8   0x00000002   Code   RO          108    .text.HardFault_Handler  stm32f1xx_it.o
    0x08004eca   0x08004eca   0x00000002   PAD
    0x08004ecc   0x08004ecc   0x000001d8   Code   RO         1043    .text.Key_GetNum    key.o
    0x080050a4   0x080050a4   0x0000056a   Code   RO         1003    .text.LCD_AddressSet  st7735.o
    0x0800560e   0x0800560e   0x00000002   PAD
    0x08005610   0x08005610   0x000003b4   Code   RO         1007    .text.LCD_Clear     st7735.o
    0x080059c4   0x080059c4   0x0000047a   Code   RO         1015    .text.LCD_DrawCircle  st7735.o
    0x08005e3e   0x08005e3e   0x00000002   PAD
    0x08005e40   0x08005e40   0x00000132   Code   RO         1011    .text.LCD_DrawLine  st7735.o
    0x08005f72   0x08005f72   0x00000002   PAD
    0x08005f74   0x08005f74   0x00000088   Code   RO         1005    .text.LCD_DrawPoint  st7735.o
    0x08005ffc   0x08005ffc   0x00000050   Code   RO         1013    .text.LCD_DrawRectangle  st7735.o
    0x0800604c   0x0800604c   0x00000286   Code   RO         1009    .text.LCD_FillColor  st7735.o
    0x080062d2   0x080062d2   0x00000002   PAD
    0x080062d4   0x080062d4   0x00001462   Code   RO         1029    .text.LCD_Init      st7735.o
    0x08007736   0x08007736   0x00000002   PAD
    0x08007738   0x08007738   0x000000e8   Code   RO         1025    .text.LCD_Print     st7735.o
    0x08007820   0x08007820   0x00000014   Code   RO         1027    .text.LCD_Show      st7735.o
    0x08007834   0x08007834   0x0000073c   Code   RO         1017    .text.LCD_ShowChar  st7735.o
    0x08007f70   0x08007f70   0x0000004a   Code   RO         1023    .text.LCD_ShowChinese  st7735.o
    0x08007fba   0x08007fba   0x00000002   PAD
    0x08007fbc   0x08007fbc   0x000003d4   Code   RO         1021    .text.LCD_ShowChineseChar  st7735.o
    0x08008390   0x08008390   0x00000050   Code   RO         1019    .text.LCD_ShowString  st7735.o
    0x080083e0   0x080083e0   0x000000b2   Code   RO         1001    .text.LCD_WriteCommand  st7735.o
    0x08008492   0x08008492   0x00000002   PAD
    0x08008494   0x08008494   0x00000114   Code   RO          991    .text.LCD_WriteData16  st7735.o
    0x080085a8   0x080085a8   0x00000138   Code   RO          997    .text.LCD_WriteData16Continue  st7735.o
    0x080086e0   0x080086e0   0x0000009a   Code   RO          989    .text.LCD_WriteData8  st7735.o
    0x0800877a   0x0800877a   0x00000002   PAD
    0x0800877c   0x0800877c   0x0000000c   Code   RO          993    .text.LCD_WriteDataStart  st7735.o
    0x08008788   0x08008788   0x0000000a   Code   RO          999    .text.LCD_WriteDataStop  st7735.o
    0x08008792   0x08008792   0x00000002   PAD
    0x08008794   0x08008794   0x00000044   Code   RO           53    .text.MX_DMA_Init   dma.o
    0x080087d8   0x080087d8   0x00000122   Code   RO           43    .text.MX_GPIO_Init  gpio.o
    0x080088fa   0x080088fa   0x00000002   PAD
    0x080088fc   0x080088fc   0x0000007c   Code   RO           62    .text.MX_TIM1_Init  tim.o
    0x08008978   0x08008978   0x00000052   Code   RO           77    .text.MX_USART1_UART_Init  usart.o
    0x080089ca   0x080089ca   0x00000002   PAD
    0x080089cc   0x080089cc   0x0000003c   Code   RO           79    .text.MX_USART3_UART_Init  usart.o
    0x08008a08   0x08008a08   0x00000002   Code   RO          110    .text.MemManage_Handler  stm32f1xx_it.o
    0x08008a0a   0x08008a0a   0x00000002   PAD
    0x08008a0c   0x08008a0c   0x000000ba   Code   RO         1334    .text.Motor_Set     motor.o
    0x08008ac6   0x08008ac6   0x00000002   PAD
    0x08008ac8   0x08008ac8   0x00000002   Code   RO          106    .text.NMI_Handler   stm32f1xx_it.o
    0x08008aca   0x08008aca   0x00000002   PAD
    0x08008acc   0x08008acc   0x000000b4   Code   RO         1278    .text.OV2640_Init   ov2640.o
    0x08008b80   0x08008b80   0x00000072   Code   RO         1300    .text.OV2640_OutSize_Set  ov2640.o
    0x08008bf2   0x08008bf2   0x00000002   PAD
    0x08008bf4   0x08008bf4   0x00000094   Code   RO         1282    .text.OV2640_RGB565_Mode  ov2640.o
    0x08008c88   0x08008c88   0x00000060   Code   RO         1262    .text.OneNet_AddData  onenet.o
    0x08008ce8   0x08008ce8   0x00000174   Code   RO         1264    .text.OneNet_ChangeStringFormat  onenet.o
    0x08008e5c   0x08008e5c   0x000000c8   Code   RO         1256    .text.OneNet_Init   onenet.o
    0x08008f24   0x08008f24   0x00000044   Code   RO         1266    .text.OneNet_PostMQTTMessage  onenet.o
    0x08008f68   0x08008f68   0x000001cc   Code   RO         1258    .text.OneNet_Run    onenet.o
    0x08009134   0x08009134   0x0000001a   Code   RO         1055    .text.Password_Back  password.o
    0x0800914e   0x0800914e   0x00000002   PAD
    0x08009150   0x08009150   0x00000012   Code   RO         1057    .text.Password_Clear  password.o
    0x08009162   0x08009162   0x00000002   PAD
    0x08009164   0x08009164   0x00000068   Code   RO         1059    .text.Password_Compare  password.o
    0x080091cc   0x080091cc   0x0000002e   Code   RO         1053    .text.Password_Input  password.o
    0x080091fa   0x080091fa   0x00000002   PAD
    0x080091fc   0x080091fc   0x00000002   Code   RO          120    .text.PendSV_Handler  stm32f1xx_it.o
    0x080091fe   0x080091fe   0x00000002   PAD
    0x08009200   0x08009200   0x000001d2   Code   RO         1113    .text.RC522_Init    rc522.o
    0x080093d2   0x080093d2   0x00000002   PAD
    0x080093d4   0x080093d4   0x000001a2   Code   RO         1119    .text.RC522_PcdAnticollsion  rc522.o
    0x08009576   0x08009576   0x00000002   PAD
    0x08009578   0x08009578   0x000004f0   Code   RO         1115    .text.RC522_PcdCommand  rc522.o
    0x08009a68   0x08009a68   0x00000134   Code   RO         1117    .text.RC522_PcdRequest  rc522.o
    0x08009b9c   0x08009b9c   0x000000b8   Code   RO         1111    .text.RC522_Reset   rc522.o
    0x08009c54   0x08009c54   0x000002aa   Code   RO         1324    .text.SCCB_ReadData  sccb.o
    0x08009efe   0x08009efe   0x00000002   PAD
    0x08009f00   0x08009f00   0x00000090   Code   RO         1320    .text.SCCB_WriteData  sccb.o
    0x08009f90   0x08009f90   0x000001f6   Code   RO         1071    .text.SPI_Swap      rc522.o
    0x0800a186   0x0800a186   0x00000002   PAD
    0x0800a188   0x0800a188   0x00000002   Code   RO          116    .text.SVC_Handler   stm32f1xx_it.o
    0x0800a18a   0x0800a18a   0x00000002   PAD
    0x0800a18c   0x0800a18c   0x00000004   Code   RO          122    .text.SysTick_Handler  stm32f1xx_it.o
    0x0800a190   0x0800a190   0x000000ac   Code   RO           13    .text.SystemClock_Config  main.o
    0x0800a23c   0x0800a23c   0x00000002   Code   RO          936    .text.SystemInit    system_stm32f1xx.o
    0x0800a23e   0x0800a23e   0x00000002   PAD
    0x0800a240   0x0800a240   0x000003b4   Code   RO         1200    .text.System_AddFingerprint  systemfuction.o
    0x0800a5f4   0x0800a5f4   0x00000690   Code   RO         1214    .text.System_AddIDCard  systemfuction.o
    0x0800ac84   0x0800ac84   0x00000384   Code   RO         1196    .text.System_ChangePassword  systemfuction.o
    0x0800b008   0x0800b008   0x00000170   Code   RO         1202    .text.System_CheckPassword  systemfuction.o
    0x0800b178   0x0800b178   0x00000280   Code   RO         1208    .text.System_DeInit  systemfuction.o
    0x0800b3f8   0x0800b3f8   0x000000f8   Code   RO         1206    .text.System_DeleteFingerprint  systemfuction.o
    0x0800b4f0   0x0800b4f0   0x0000000a   Code   RO         1192    .text.System_DoFunction  systemfuction.o
    0x0800b4fa   0x0800b4fa   0x00000002   PAD
    0x0800b4fc   0x0800b4fc   0x00000470   Code   RO         1224    .text.System_Init   systemfuction.o
    0x0800b96c   0x0800b96c   0x000000f4   Code   RO         1222    .text.System_OneNetExternTask  systemfuction.o
    0x0800ba60   0x0800ba60   0x000000cc   Code   RO         1204    .text.System_SearchFingerprintNum  systemfuction.o
    0x0800bb2c   0x0800bb2c   0x00000100   Code   RO         1190    .text.System_ShowFunction  systemfuction.o
    0x0800bc2c   0x0800bc2c   0x00000170   Code   RO         1216    .text.System_ShowRestErrorMillis  systemfuction.o
    0x0800bd9c   0x0800bd9c   0x00000174   Code   RO         1198    .text.System_UnlockByFingerprint  systemfuction.o
    0x0800bf10   0x0800bf10   0x000002b0   Code   RO         1212    .text.System_UnlockByIDCard  systemfuction.o
    0x0800c1c0   0x0800c1c0   0x00000278   Code   RO         1194    .text.System_UnlockByPassword  systemfuction.o
    0x0800c438   0x0800c438   0x000000aa   Code   RO         1220    .text.System_UpdataMotor  systemfuction.o
    0x0800c4e2   0x0800c4e2   0x00000002   PAD
    0x0800c4e4   0x0800c4e4   0x000000d4   Code   RO         1218    .text.System_UpdateLockStatus  systemfuction.o
    0x0800c5b8   0x0800c5b8   0x000001d0   Code   RO         1210    .text.System_WatchMonitor  systemfuction.o
    0x0800c788   0x0800c788   0x0000000c   Code   RO          128    .text.TIM1_UP_IRQHandler  stm32f1xx_it.o
    0x0800c794   0x0800c794   0x000000e8   Code   RO          168    .text.TIM_Base_SetConfig  stm32f1xx_hal_tim.o
    0x0800c87c   0x0800c87c   0x0000000c   Code   RO          896    .text.UART_DMAAbortOnError  stm32f1xx_hal_uart.o
    0x0800c888   0x0800c888   0x0000017c   Code   RO          846    .text.UART_DMAError  stm32f1xx_hal_uart.o
    0x0800ca04   0x0800ca04   0x0000015e   Code   RO          924    .text.UART_DMAReceiveCplt  stm32f1xx_hal_uart.o
    0x0800cb62   0x0800cb62   0x00000002   PAD
    0x0800cb64   0x0800cb64   0x00000018   Code   RO          926    .text.UART_DMARxHalfCplt  stm32f1xx_hal_uart.o
    0x0800cb7c   0x0800cb7c   0x000000b0   Code   RO          842    .text.UART_DMATransmitCplt  stm32f1xx_hal_uart.o
    0x0800cc2c   0x0800cc2c   0x00000006   Code   RO          844    .text.UART_DMATxHalfCplt  stm32f1xx_hal_uart.o
    0x0800cc32   0x0800cc32   0x00000002   PAD
    0x0800cc34   0x0800cc34   0x000000fe   Code   RO          894    .text.UART_Receive_IT  stm32f1xx_hal_uart.o
    0x0800cd32   0x0800cd32   0x00000002   PAD
    0x0800cd34   0x0800cd34   0x0000000c   Code   RO          130    .text.USART1_IRQHandler  stm32f1xx_it.o
    0x0800cd40   0x0800cd40   0x0000000c   Code   RO          132    .text.USART3_IRQHandler  stm32f1xx_it.o
    0x0800cd4c   0x0800cd4c   0x00000002   Code   RO          114    .text.UsageFault_Handler  stm32f1xx_it.o
    0x0800cd4e   0x0800cd4e   0x00000002   PAD
    0x0800cd50   0x0800cd50   0x000000fc   Code   RO           11    .text.main          main.o
    0x0800ce4c   0x0800ce4c   0x00000160   Code   RO         1322    .text.sccb_write    sccb.o
    0x0800cfac   0x0800cfac   0x0000003e   Code   RO         1528    CL$$btod_d2e        c_w.l(btod.o)
    0x0800cfea   0x0800cfea   0x00000046   Code   RO         1530    CL$$btod_d2e_denorm_low  c_w.l(btod.o)
    0x0800d030   0x0800d030   0x00000060   Code   RO         1529    CL$$btod_d2e_norm_op1  c_w.l(btod.o)
    0x0800d090   0x0800d090   0x00000338   Code   RO         1538    CL$$btod_div_common  c_w.l(btod.o)
    0x0800d3c8   0x0800d3c8   0x000000dc   Code   RO         1535    CL$$btod_e2e        c_w.l(btod.o)
    0x0800d4a4   0x0800d4a4   0x0000002a   Code   RO         1532    CL$$btod_ediv       c_w.l(btod.o)
    0x0800d4ce   0x0800d4ce   0x0000002a   Code   RO         1531    CL$$btod_emul       c_w.l(btod.o)
    0x0800d4f8   0x0800d4f8   0x00000244   Code   RO         1537    CL$$btod_mult_common  c_w.l(btod.o)
    0x0800d73c   0x0800d73c   0x00000028   Code   RO         1559    i.__ARM_fpclassify  m_ws.l(fpclassify.o)
    0x0800d764   0x0800d764   0x0000000e   Code   RO         1368    i._is_digit         c_w.l(__printf_wp.o)
    0x0800d772   0x0800d772   0x00000002   PAD
    0x0800d774   0x0800d774   0x0000002c   Code   RO         1555    locale$$code        c_w.l(lc_numeric_c.o)
    0x0800d7a0   0x0800d7a0   0x0000002c   Code   RO         1632    locale$$code        c_w.l(lc_ctype_c.o)
    0x0800d7cc   0x0800d7cc   0x0000000c   Code   RO         1483    x$fpl$dretinf       fz_ws.l(dretinf.o)
    0x0800d7d8   0x0800d7d8   0x00000056   Code   RO         1408    x$fpl$f2d           fz_ws.l(f2d.o)
    0x0800d82e   0x0800d82e   0x0000008c   Code   RO         1485    x$fpl$fnaninf       fz_ws.l(fnaninf.o)
    0x0800d8ba   0x0800d8ba   0x00000004   Code   RO         1410    x$fpl$printf1       fz_ws.l(printf1.o)
    0x0800d8be   0x0800d8be   0x00000004   Code   RO         1487    x$fpl$printf2       fz_ws.l(printf2.o)
    0x0800d8c2   0x0800d8c2   0x00000000   Code   RO         1493    x$fpl$usenofp       fz_ws.l(usenofp.o)
    0x0800d8c2   0x0800d8c2   0x00000011   Data   RO         1376    .constdata          c_w.l(__printf_flags_ss_wp.o)
    0x0800d8d3   0x0800d8d3   0x00000001   PAD
    0x0800d8d4   0x0800d8d4   0x00000008   Data   RO         1432    .constdata          c_w.l(_printf_wctomb.o)
    0x0800d8dc   0x0800d8dc   0x00000028   Data   RO         1461    .constdata          c_w.l(_printf_hex_int_ll_ptr.o)
    0x0800d904   0x0800d904   0x00000026   Data   RO         1517    .constdata          c_w.l(_printf_fp_hex.o)
    0x0800d92a   0x0800d92a   0x00000002   PAD
    0x0800d92c   0x0800d92c   0x00000094   Data   RO         1526    .constdata          c_w.l(bigflt0.o)
    0x0800d9c0   0x0800d9c0   0x00000080   Data   RO         1230    .rodata..Lswitch.table.System_DeInit  systemfuction.o
    0x0800da40   0x0800da40   0x0000007c   Data   RO         1229    .rodata..Lswitch.table.System_SearchFingerprintNum  systemfuction.o
    0x0800dabc   0x0800dabc   0x00000010   Data   RO          941    .rodata.AHBPrescTable  system_stm32f1xx.o
    0x0800dacc   0x0800dacc   0x00000008   Data   RO          942    .rodata.APBPrescTable  system_stm32f1xx.o
    0x0800dad4   0x0800dad4   0x00000474   Data   RO         1031    .rodata.ASCII_1208  st7735.o
    0x0800df48   0x0800df48   0x000005f0   Data   RO         1032    .rodata.ASCII_1608  st7735.o
    0x0800e538   0x0800e538   0x00000c16   Data   RO         1033    .rodata.GB_1616     st7735.o
    0x0800f14e   0x0800f14e   0x00000002   Data   RO          572    .rodata.HAL_RCC_GetSysClockFreq.aPredivFactorTable  stm32f1xx_hal_rcc.o
    0x0800f150   0x0800f150   0x00000010   Data   RO          571    .rodata.cst16       stm32f1xx_hal_rcc.o
    0x0800f160   0x0800f160   0x00000004   Data   RO         1336    .rodata.forward     motor.o
    0x0800f164   0x0800f164   0x00000164   Data   RO         1306    .rodata.ov2640_uxga_init_reg_tbl  ov2640.o
    0x0800f2c8   0x0800f2c8   0x00000004   Data   RO         1337    .rodata.reverse     motor.o
    0x0800f2cc   0x0800f2cc   0x00000008   Data   RO           30    .rodata.str1.1      main.o
    0x0800f2d4   0x0800f2d4   0x000002e7   Data   RO         1227    .rodata.str1.1      systemfuction.o
    0x0800f5bb   0x0800f5bb   0x00000003   Data   RO         1246    .rodata.str1.1      esp01.o
    0x0800f5be   0x0800f5be   0x00000073   Data   RO         1268    .rodata.str1.1      onenet.o
    0x0800f631   0x0800f631   0x00000003   PAD
    0x0800f634   0x0800f634   0x000000c5   Data   RO         1228    .rodata.str1.4      systemfuction.o
    0x0800f6f9   0x0800f6f9   0x00000003   PAD
    0x0800f6fc   0x0800f6fc   0x00000020   Data   RO         1718    Region$$Table       anon$$obj.o
    0x0800f71c   0x0800f71c   0x0000001c   Data   RO         1554    locale$$data        c_w.l(lc_numeric_c.o)
    0x0800f738   0x0800f738   0x00000110   Data   RO         1631    locale$$data        c_w.l(lc_ctype_c.o)


    Execution Region RW_IRAM1 (Exec base: 0x20000000, Load base: 0x0800f848, Size: 0x00001c20, Max: 0x0000c000, ABSOLUTE, COMPRESSED[0x000000f0])

    Exec Addr    Load Addr    Size         Type   Attr      Idx    E Section Name        Object

    0x20000000   COMPRESSED   0x00000008   Data   RW          534    .data..L_MergedGlobals  stm32f1xx_hal.o
    0x20000008   COMPRESSED   0x00000004   Data   RW          940    .data.SystemCoreClock  system_stm32f1xx.o
    0x2000000c   COMPRESSED   0x00000004   Data   RW         1167    .data.chip_addr     as608.o
    0x20000010   COMPRESSED   0x00000060   Data   RW           21    .data.esp_1         main.o
    0x20000070   COMPRESSED   0x00000001   Data   RW           89    .data.huart1IdleFlag  usart.o
    0x20000071   COMPRESSED   0x00000003   PAD
    0x20000074   COMPRESSED   0x00000048   Data   RW           19    .data.key_1         main.o
    0x200000bc   COMPRESSED   0x00000020   Data   RW           26    .data.motor_1       main.o
    0x200000dc   COMPRESSED   0x00000810   Data   RW           25    .data.onenet_1      main.o
    0x200008ec   COMPRESSED   0x0000006c   Data   RW           24    .data.ov2640_1      main.o
    0x20000958   COMPRESSED   0x00000034   Data   RW           20    .data.rc522_1       main.o
    0x2000098c   COMPRESSED   0x00000014   Data   RW           23    .data.sccb_1        main.o
    0x200009a0   COMPRESSED   0x000004c8   Data   RW           29    .data.sys           main.o
    0x20000e68   COMPRESSED   0x00000011   Data   RW           22    .data.sys_password  main.o
    0x20000e79   COMPRESSED   0x00000007   PAD
    0x20000e80        -       0x00000060   Zero   RW         1562    .bss                c_w.l(libspace.o)
    0x20000ee0        -       0x00000014   Zero   RW         1231    .bss..L_MergedGlobals  systemfuction.o
    0x20000ef4        -       0x0000000c   Zero   RW         1247    .bss..L_MergedGlobals  esp01.o
    0x20000f00        -       0x0000000c   Zero   RW         1269    .bss..L_MergedGlobals  onenet.o
    0x20000f0c        -       0x00000004   Zero   RW         1045    .bss.Key_GetNum.previousMillis  key.o
    0x20000f10        -       0x00000001   Zero   RW         1226    .bss.System_ShowFunction.currentPage  systemfuction.o
    0x20000f11   COMPRESSED   0x00000003   PAD
    0x20000f14        -       0x00000134   Zero   RW           28    .bss.as608_1        main.o
    0x20001048        -       0x00000044   Zero   RW           93    .bss.hdma_usart3_rx  usart.o
    0x2000108c        -       0x00000044   Zero   RW           94    .bss.hdma_usart3_tx  usart.o
    0x200010d0        -       0x00000048   Zero   RW           68    .bss.htim1          tim.o
    0x20001118        -       0x00000048   Zero   RW           90    .bss.huart1         usart.o
    0x20001160        -       0x00000100   Zero   RW           91    .bss.huart1Buffer   usart.o
    0x20001260        -       0x00000100   Zero   RW           96    .bss.huart1ReceiveBuffer  usart.o
    0x20001360        -       0x00000048   Zero   RW           92    .bss.huart3         usart.o
    0x200013a8        -       0x00000074   Zero   RW           27    .bss.lcd_1          main.o
    0x2000141c        -       0x00000100   Zero   RW           95    .bss.rx3Buffer      usart.o
    0x2000151c        -       0x00000100   Zero   RW           97    .bss.tx3Buffer      usart.o
    0x2000161c        -       0x00000004   Zero   RW          533    .bss.uwTick         stm32f1xx_hal.o
    0x20001620        -       0x00000200   Zero   RW            2    HEAP                startup_stm32f103xe.o
    0x20001820        -       0x00000400   Zero   RW            1    STACK               startup_stm32f103xe.o


==============================================================================

Image component sizes


      Code (inc. data)   RO Data    RW Data    ZI Data      Debug   Object Name

      4328          0          0          4          0      32158   as608.o
       106          0          0          0          0       1035   delay.o
       160          0          0          0          0       4390   display.o
        68          0          0          0          0       2494   dma.o
       460         72          3          0         12       5347   esp01.o
       290          0          0          0          0       1842   gpio.o
       472          0          0          0          4       1665   key.o
       472          0          8       3685        424      13529   main.o
       186         16          8          0          0       1665   motor.o
      1196        324        115          0         12       7734   onenet.o
       442          0        356          0          0       8570   ov2640.o
       194          0          0          0          0       1905   password.o
      3142          0          0          0          0      32086   rc522.o
      1178          0          0          0          0       4108   sccb.o
     14046          0       5754          0          0      72130   st7735.o
        64         26        304          0       1536        788   startup_stm32f103xe.o
       188          0          0          8          4       6069   stm32f1xx_hal.o
       196          0          0          0          0       8760   stm32f1xx_hal_cortex.o
      1346          0          0          0          0       8568   stm32f1xx_hal_dma.o
       508         22          0          0          0       4593   stm32f1xx_hal_gpio.o
        66          0          0          0          0       1188   stm32f1xx_hal_msp.o
      1550          0         18          0          0       7920   stm32f1xx_hal_rcc.o
      1082          0          0          0          0      55046   stm32f1xx_hal_tim.o
       154          0          0          0          0      20634   stm32f1xx_hal_tim_ex.o
      4584          0          0          0          0      32505   stm32f1xx_hal_uart.o
        80          0          0          0          0       5887   stm32f1xx_it.o
         2          0         24          4          0       1577   system_stm32f1xx.o
      9540        640       1192          0         21      32970   systemfuction.o
       192          0          0          0         72       6243   tim.o
       740          0          0          1       1304       7229   usart.o

    ----------------------------------------------------------------------
     47196       1100       7820       3708       3396     390635   Object Totals
         0          0         32          0          0          0   (incl. Generated)
       164          0          6          6          7          0   (incl. Padding)

    ----------------------------------------------------------------------

      Code (inc. data)   RO Data    RW Data    ZI Data      Debug   Library Member Name

        44          6          0          0          0         84   __2sprintf.o
        90          0          0          0          0          0   __dczerorl2.o
         8          0          0          0          0         68   __main.o
       392          4         17          0          0         92   __printf_flags_ss_wp.o
        14          0          0          0          0         68   __printf_wp.o
         0          0          0          0          0          0   __rtentry.o
        12          0          0          0          0          0   __rtentry2.o
         6          0          0          0          0          0   __rtentry4.o
        94          8          0          0          0          0   __scatter.o
        28          0          0          0          0          0   __scatter_zi.o
        72          0          0          0          0         96   _c16rtomb.o
         6          0          0          0          0          0   _printf_a.o
         6          0          0          0          0          0   _printf_c.o
        44          0          0          0          0        108   _printf_char.o
        48          6          0          0          0         96   _printf_char_common.o
        40          0          0          0          0         68   _printf_charcount.o
         6          0          0          0          0          0   _printf_d.o
       120         16          0          0          0         92   _printf_dec.o
         6          0          0          0          0          0   _printf_e.o
         6          0          0          0          0          0   _printf_f.o
      1052          0          0          0          0        148   _printf_fp_dec.o
       764          8         38          0          0        100   _printf_fp_hex.o
       128         16          0          0          0         84   _printf_fp_infnan.o
         6          0          0          0          0          0   _printf_g.o
       148          4         40          0          0        160   _printf_hex_int_ll_ptr.o
         6          0          0          0          0          0   _printf_i.o
       178          0          0          0          0         88   _printf_intcommon.o
        10          0          0          0          0          0   _printf_l.o
         6          0          0          0          0          0   _printf_lc.o
        10          0          0          0          0          0   _printf_ll.o
         6          0          0          0          0          0   _printf_lld.o
         6          0          0          0          0          0   _printf_lli.o
         6          0          0          0          0          0   _printf_llo.o
         6          0          0          0          0          0   _printf_llu.o
         6          0          0          0          0          0   _printf_llx.o
       124         16          0          0          0         92   _printf_longlong_dec.o
         6          0          0          0          0          0   _printf_ls.o
         6          0          0          0          0          0   _printf_n.o
         6          0          0          0          0          0   _printf_o.o
       112          8          0          0          0        124   _printf_oct_int_ll.o
         6          0          0          0          0          0   _printf_p.o
        78          0          0          0          0        108   _printf_pad.o
         0          0          0          0          0          0   _printf_percent.o
         4          0          0          0          0          0   _printf_percent_end.o
         6          0          0          0          0          0   _printf_s.o
        82          0          0          0          0         80   _printf_str.o
        36          0          0          0          0         84   _printf_truncate.o
         6          0          0          0          0          0   _printf_u.o
        44          0          0          0          0        108   _printf_wchar.o
       188          6          8          0          0         92   _printf_wctomb.o
         6          0          0          0          0          0   _printf_x.o
        10          0          0          0          0         68   _sputc.o
       228          4        148          0          0         96   bigflt0.o
      1936        128          0          0          0        668   btod.o
        18          0          0          0          0         80   exit.o
         6          0          0          0          0        152   heapauxi.o
         0          0          0          0          0          0   indicate_semi.o
        44         10        272          0          0         76   lc_ctype_c.o
        44         10         28          0          0         76   lc_numeric_c.o
         2          0          0          0          0          0   libinit.o
        30          0          0          0          0          0   libinit2.o
         2          0          0          0          0          0   libshutdown.o
         2          0          0          0          0          0   libshutdown2.o
         8          4          0          0         96         68   libspace.o
       138          0          0          0          0         80   lludiv10.o
        88          0          0          0          0         76   memcmp.o
        16          4          0          0          0         76   rt_ctype_table.o
         8          4          0          0          0         68   rt_locale_intlibspace.o
        68          0          0          0          0         68   rt_memclr.o
        78          0          0          0          0         80   rt_memclr_w.o
       138          0          0          0          0         68   rt_memcpy_v6.o
       100          0          0          0          0         80   rt_memcpy_w.o
         2          0          0          0          0          0   rtexit.o
        10          0          0          0          0          0   rtexit2.o
        24          0          0          0          0         68   strcat.o
        20          0          0          0          0         68   strchr.o
       128          0          0          0          0         68   strcmpv7m.o
        72          0          0          0          0         80   strcpy.o
        62          0          0          0          0         76   strlen.o
       150          0          0          0          0         80   strncmp.o
        36          0          0          0          0         80   strstr.o
        12          4          0          0          0         68   sys_exit.o
        74          0          0          0          0         80   sys_stackheap_outer.o
         2          0          0          0          0         68   use_no_semi.o
        36          4          0          0          0         76   vsprintf.o
        12          0          0          0          0         68   dretinf.o
        86          4          0          0          0         84   f2d.o
       140          4          0          0          0         84   fnaninf.o
         4          0          0          0          0         68   printf1.o
         4          0          0          0          0         68   printf2.o
         0          0          0          0          0          0   usenofp.o
        40          0          0          0          0         68   fpclassify.o

    ----------------------------------------------------------------------
      7990        278        554          0         96       5172   Library Totals
        22          0          3          0          0          0   (incl. Padding)

    ----------------------------------------------------------------------

      Code (inc. data)   RO Data    RW Data    ZI Data      Debug   Library Name

      7682        270        551          0         96       4732   c_w.l
       246          8          0          0          0        372   fz_ws.l
        40          0          0          0          0         68   m_ws.l

    ----------------------------------------------------------------------
      7990        278        554          0         96       5172   Library Totals

    ----------------------------------------------------------------------

==============================================================================


      Code (inc. data)   RO Data    RW Data    ZI Data      Debug   

     55186       1378       8374       3708       3492     392399   Grand Totals
     55186       1378       8374        240       3492     392399   ELF Image Totals (compressed)
     55186       1378       8374        240          0          0   ROM Totals

==============================================================================

    Total RO  Size (Code + RO Data)                63560 (  62.07kB)
    Total RW  Size (RW Data + ZI Data)              7200 (   7.03kB)
    Total ROM Size (Code + RO Data + RW Data)      63800 (  62.30kB)

==============================================================================

